2022-10-27 09:16:55,954 15702 INFO ? odoo: Odoo version 14.0 
2022-10-27 09:16:55,955 15702 INFO ? odoo: Using configuration file at /home/trungt/odoo-dev/odoo_14.cfg 
2022-10-27 09:16:55,955 15702 INFO ? odoo: addons paths: ['/home/trungt/odoo-dev/odoo/odoo/addons', '/home/trungt/odoo-dev/filestores/addons/14.0', '/home/trungt/odoo-dev/custom-addons', '/home/trungt/odoo-dev/odoo/addons', '/home/trungt/odoo-dev/odoo'] 
2022-10-27 09:16:55,955 15702 INFO ? odoo: database: trungt@localhost:5432 
2022-10-27 09:16:56,164 15702 INFO ? odoo.addons.base.models.ir_actions_report: Will use the Wkhtmltopdf binary at /usr/local/bin/wkhtmltopdf 
2022-10-27 09:16:56,287 15702 INFO ? odoo.service.server: HTTP service (werkzeug) running on localhost:8014 
2022-10-27 09:16:56,295 15702 INFO odoo-test odoo.modules.loading: loading 1 modules... 
2022-10-27 09:16:56,312 15702 INFO odoo-test odoo.modules.loading: 1 modules loaded in 0.02s, 0 queries (+0 extra) 
2022-10-27 09:16:56,426 15702 INFO odoo-test odoo.modules.loading: updating modules list 
2022-10-27 09:16:56,430 15702 INFO odoo-test odoo.addons.base.models.ir_module: ALLOW access to module.update_list on [] to user __system__ #1 via n/a 
2022-10-27 09:16:57,227 15702 WARNING odoo-test odoo.modules.loading: invalid module names, ignored:  
2022-10-27 09:16:57,245 15702 INFO odoo-test odoo.modules.loading: loading 7 modules... 
2022-10-27 09:16:57,288 15702 INFO odoo-test odoo.modules.loading: 7 modules loaded in 0.04s, 0 queries (+0 extra) 
2022-10-27 09:16:57,500 15702 INFO odoo-test odoo.modules.loading: Modules loaded. 
2022-10-27 09:17:10,726 15702 INFO ? odoo.http: HTTP Configuring static files 
2022-10-27 09:17:10,735 15702 INFO odoo-test odoo.addons.base.models.ir_http: Generating routing map for key None 
2022-10-27 09:17:10,923 15702 INFO odoo-test werkzeug: 127.0.0.1 - - [27/Oct/2022 09:17:10] "GET / HTTP/1.1" 303 - 2 0.001 0.193
2022-10-27 09:17:10,928 15702 INFO odoo-test werkzeug: 127.0.0.1 - - [27/Oct/2022 09:17:10] "GET /web HTTP/1.1" 303 - 1 0.000 0.002
2022-10-27 09:17:11,435 15702 INFO odoo-test werkzeug: 127.0.0.1 - - [27/Oct/2022 09:17:11] "GET /web/login HTTP/1.1" 200 - 272 0.072 0.431
2022-10-27 09:17:11,463 15702 INFO ? werkzeug: 127.0.0.1 - - [27/Oct/2022 09:17:11] "GET /web/static/lib/fontawesome/fonts/fontawesome-webfont.woff2?v=4.7.0 HTTP/1.1" 200 - - - -
2022-10-27 09:17:11,472 15702 INFO odoo-test odoo.addons.base.models.ir_attachment: _read_file reading /home/trungt/odoo-dev/filestores/filestore/odoo-test/8e/8e4c99a06b60a87292086572ce83461da551420a 
Traceback (most recent call last):
  File "/home/trungt/odoo-dev/odoo/odoo/api.py", line 792, in get
    field_cache = field_cache[record.env.cache_key(field)]
KeyError: (None, None)

During handling of the above exception, another exception occurred:

Traceback (most recent call last):
  File "/home/trungt/odoo-dev/odoo/odoo/fields.py", line 972, in __get__
    value = env.cache.get(record, self)
  File "/home/trungt/odoo-dev/odoo/odoo/api.py", line 796, in get
    raise CacheMiss(record, field)
odoo.exceptions.CacheMiss: 'ir.attachment(198,).datas'

During handling of the above exception, another exception occurred:

Traceback (most recent call last):
  File "/home/trungt/odoo-dev/odoo/odoo/api.py", line 792, in get
    field_cache = field_cache[record.env.cache_key(field)]
KeyError: (None,)

During handling of the above exception, another exception occurred:

Traceback (most recent call last):
  File "/home/trungt/odoo-dev/odoo/odoo/fields.py", line 972, in __get__
    value = env.cache.get(record, self)
  File "/home/trungt/odoo-dev/odoo/odoo/api.py", line 796, in get
    raise CacheMiss(record, field)
odoo.exceptions.CacheMiss: 'ir.attachment(198,).raw'

During handling of the above exception, another exception occurred:

Traceback (most recent call last):
  File "/home/trungt/odoo-dev/odoo/odoo/addons/base/models/ir_attachment.py", line 105, in _file_read
    with open(full_path, 'rb') as f:
FileNotFoundError: [Errno 2] No such file or directory: '/home/trungt/odoo-dev/filestores/filestore/odoo-test/8e/8e4c99a06b60a87292086572ce83461da551420a'
2022-10-27 09:17:11,489 15702 INFO odoo-test werkzeug: 127.0.0.1 - - [27/Oct/2022 09:17:11] "GET /web/content/198-3cfd167/web.assets_common.css HTTP/1.1" 404 - 5 0.005 0.025
2022-10-27 09:17:11,491 15702 INFO odoo-test odoo.addons.base.models.ir_attachment: _read_file reading /home/trungt/odoo-dev/filestores/filestore/odoo-test/fd/fd0dd380bb47ad557006f5e8efe7ba0c772d2585 
Traceback (most recent call last):
  File "/home/trungt/odoo-dev/odoo/odoo/api.py", line 792, in get
    field_cache = field_cache[record.env.cache_key(field)]
KeyError: (None, None)

During handling of the above exception, another exception occurred:

Traceback (most recent call last):
  File "/home/trungt/odoo-dev/odoo/odoo/fields.py", line 972, in __get__
    value = env.cache.get(record, self)
  File "/home/trungt/odoo-dev/odoo/odoo/api.py", line 796, in get
    raise CacheMiss(record, field)
odoo.exceptions.CacheMiss: 'ir.attachment(199,).datas'

During handling of the above exception, another exception occurred:

Traceback (most recent call last):
  File "/home/trungt/odoo-dev/odoo/odoo/api.py", line 792, in get
    field_cache = field_cache[record.env.cache_key(field)]
KeyError: (None,)

During handling of the above exception, another exception occurred:

Traceback (most recent call last):
  File "/home/trungt/odoo-dev/odoo/odoo/fields.py", line 972, in __get__
    value = env.cache.get(record, self)
  File "/home/trungt/odoo-dev/odoo/odoo/api.py", line 796, in get
    raise CacheMiss(record, field)
odoo.exceptions.CacheMiss: 'ir.attachment(199,).raw'

During handling of the above exception, another exception occurred:

Traceback (most recent call last):
  File "/home/trungt/odoo-dev/odoo/odoo/addons/base/models/ir_attachment.py", line 105, in _file_read
    with open(full_path, 'rb') as f:
FileNotFoundError: [Errno 2] No such file or directory: '/home/trungt/odoo-dev/filestores/filestore/odoo-test/fd/fd0dd380bb47ad557006f5e8efe7ba0c772d2585'
2022-10-27 09:17:11,499 15702 INFO odoo-test odoo.addons.base.models.ir_attachment: _read_file reading /home/trungt/odoo-dev/filestores/filestore/odoo-test/10/10f3bc7465112ab1c473f79f4fff2491ebd47e97 
Traceback (most recent call last):
  File "/home/trungt/odoo-dev/odoo/odoo/api.py", line 792, in get
    field_cache = field_cache[record.env.cache_key(field)]
KeyError: (None, None)

During handling of the above exception, another exception occurred:

Traceback (most recent call last):
  File "/home/trungt/odoo-dev/odoo/odoo/fields.py", line 972, in __get__
    value = env.cache.get(record, self)
  File "/home/trungt/odoo-dev/odoo/odoo/api.py", line 796, in get
    raise CacheMiss(record, field)
odoo.exceptions.CacheMiss: 'ir.attachment(201,).datas'

During handling of the above exception, another exception occurred:

Traceback (most recent call last):
  File "/home/trungt/odoo-dev/odoo/odoo/api.py", line 792, in get
    field_cache = field_cache[record.env.cache_key(field)]
KeyError: (None,)

During handling of the above exception, another exception occurred:

Traceback (most recent call last):
  File "/home/trungt/odoo-dev/odoo/odoo/fields.py", line 972, in __get__
    value = env.cache.get(record, self)
  File "/home/trungt/odoo-dev/odoo/odoo/api.py", line 796, in get
    raise CacheMiss(record, field)
odoo.exceptions.CacheMiss: 'ir.attachment(201,).raw'

During handling of the above exception, another exception occurred:

Traceback (most recent call last):
  File "/home/trungt/odoo-dev/odoo/odoo/addons/base/models/ir_attachment.py", line 105, in _file_read
    with open(full_path, 'rb') as f:
FileNotFoundError: [Errno 2] No such file or directory: '/home/trungt/odoo-dev/filestores/filestore/odoo-test/10/10f3bc7465112ab1c473f79f4fff2491ebd47e97'
2022-10-27 09:17:11,500 15702 INFO odoo-test odoo.addons.base.models.ir_attachment: _read_file reading /home/trungt/odoo-dev/filestores/filestore/odoo-test/ec/ec3d4700b3f183722074d06e3a324359f3a64371 
Traceback (most recent call last):
  File "/home/trungt/odoo-dev/odoo/odoo/api.py", line 792, in get
    field_cache = field_cache[record.env.cache_key(field)]
KeyError: (None, None)

During handling of the above exception, another exception occurred:

Traceback (most recent call last):
  File "/home/trungt/odoo-dev/odoo/odoo/fields.py", line 972, in __get__
    value = env.cache.get(record, self)
  File "/home/trungt/odoo-dev/odoo/odoo/api.py", line 796, in get
    raise CacheMiss(record, field)
odoo.exceptions.CacheMiss: 'ir.attachment(200,).datas'

During handling of the above exception, another exception occurred:

Traceback (most recent call last):
  File "/home/trungt/odoo-dev/odoo/odoo/api.py", line 792, in get
    field_cache = field_cache[record.env.cache_key(field)]
KeyError: (None,)

During handling of the above exception, another exception occurred:

Traceback (most recent call last):
  File "/home/trungt/odoo-dev/odoo/odoo/fields.py", line 972, in __get__
    value = env.cache.get(record, self)
  File "/home/trungt/odoo-dev/odoo/odoo/api.py", line 796, in get
    raise CacheMiss(record, field)
odoo.exceptions.CacheMiss: 'ir.attachment(200,).raw'

During handling of the above exception, another exception occurred:

Traceback (most recent call last):
  File "/home/trungt/odoo-dev/odoo/odoo/addons/base/models/ir_attachment.py", line 105, in _file_read
    with open(full_path, 'rb') as f:
FileNotFoundError: [Errno 2] No such file or directory: '/home/trungt/odoo-dev/filestores/filestore/odoo-test/ec/ec3d4700b3f183722074d06e3a324359f3a64371'
2022-10-27 09:17:11,503 15702 INFO odoo-test werkzeug: 127.0.0.1 - - [27/Oct/2022 09:17:11] "GET /web/content/199-dbe146d/web.assets_frontend.css HTTP/1.1" 404 - 3 0.005 0.035
2022-10-27 09:17:11,506 15702 INFO odoo-test werkzeug: 127.0.0.1 - - [27/Oct/2022 09:17:11] "GET /web/content/201-48bfde0/web.assets_frontend_minimal_js.js HTTP/1.1" 404 - 3 0.005 0.025
2022-10-27 09:17:11,510 15702 INFO odoo-test werkzeug: 127.0.0.1 - - [27/Oct/2022 09:17:11] "GET /web/content/200-b34ebd5/web.assets_common_minimal_js.js HTTP/1.1" 404 - 3 0.005 0.034
2022-10-27 09:17:11,520 15702 INFO odoo-test werkzeug: 127.0.0.1 - - [27/Oct/2022 09:17:11] "GET /web/binary/company_logo HTTP/1.1" 200 - 2 0.003 0.008
2022-10-27 09:17:11,528 15702 INFO ? werkzeug: 127.0.0.1 - - [27/Oct/2022 09:17:11] "GET /web/static/src/img/favicon.ico HTTP/1.1" 200 - - - -
2022-10-27 09:18:03,859 16033 INFO ? odoo: Odoo version 14.0 
2022-10-27 09:18:03,859 16033 INFO ? odoo: Using configuration file at /home/trungt/odoo-dev/odoo_14.cfg 
2022-10-27 09:18:03,859 16033 INFO ? odoo: addons paths: ['/home/trungt/odoo-dev/odoo/odoo/addons', '/home/trungt/odoo-dev/filestores/addons/14.0', '/home/trungt/odoo-dev/odoo/addons', '/home/trungt/odoo-dev/custom-addons', '/home/trungt/odoo-dev/odoo'] 
2022-10-27 09:18:03,859 16033 INFO ? odoo: database: trungt@localhost:5432 
2022-10-27 09:18:04,066 16033 INFO ? odoo.addons.base.models.ir_actions_report: Will use the Wkhtmltopdf binary at /usr/local/bin/wkhtmltopdf 
2022-10-27 09:18:04,184 16033 INFO ? odoo.service.server: HTTP service (werkzeug) running on localhost:8014 
2022-10-27 09:18:04,191 16033 INFO odoo-test odoo.modules.loading: loading 1 modules... 
2022-10-27 09:18:04,208 16033 INFO odoo-test odoo.modules.loading: 1 modules loaded in 0.02s, 0 queries (+0 extra) 
2022-10-27 09:18:04,320 16033 INFO odoo-test odoo.modules.loading: updating modules list 
2022-10-27 09:18:04,323 16033 INFO odoo-test odoo.addons.base.models.ir_module: ALLOW access to module.update_list on [] to user __system__ #1 via n/a 
2022-10-27 09:18:05,076 16033 WARNING odoo-test odoo.modules.loading: invalid module names, ignored:  
2022-10-27 09:18:05,092 16033 INFO odoo-test odoo.modules.loading: loading 7 modules... 
2022-10-27 09:18:05,135 16033 INFO odoo-test odoo.modules.loading: 7 modules loaded in 0.04s, 0 queries (+0 extra) 
2022-10-27 09:18:05,411 16033 INFO odoo-test odoo.modules.loading: Modules loaded. 
2022-10-27 09:18:11,486 16033 INFO ? odoo.http: HTTP Configuring static files 
2022-10-27 09:18:11,490 16033 INFO odoo-test odoo.addons.base.models.ir_http: Generating routing map for key None 
2022-10-27 09:18:12,088 16033 INFO odoo-test werkzeug: 127.0.0.1 - - [27/Oct/2022 09:18:12] "GET /web/login HTTP/1.1" 200 - 272 0.059 0.541
2022-10-27 09:18:12,114 16033 INFO odoo-test odoo.addons.base.models.ir_attachment: _read_file reading /home/trungt/odoo-dev/filestores/filestore/odoo-test/ec/ec3d4700b3f183722074d06e3a324359f3a64371 
Traceback (most recent call last):
  File "/home/trungt/odoo-dev/odoo/odoo/api.py", line 792, in get
    field_cache = field_cache[record.env.cache_key(field)]
KeyError: (None, None)

During handling of the above exception, another exception occurred:

Traceback (most recent call last):
  File "/home/trungt/odoo-dev/odoo/odoo/fields.py", line 972, in __get__
    value = env.cache.get(record, self)
  File "/home/trungt/odoo-dev/odoo/odoo/api.py", line 796, in get
    raise CacheMiss(record, field)
odoo.exceptions.CacheMiss: 'ir.attachment(200,).datas'

During handling of the above exception, another exception occurred:

Traceback (most recent call last):
  File "/home/trungt/odoo-dev/odoo/odoo/api.py", line 792, in get
    field_cache = field_cache[record.env.cache_key(field)]
KeyError: (None,)

During handling of the above exception, another exception occurred:

Traceback (most recent call last):
  File "/home/trungt/odoo-dev/odoo/odoo/fields.py", line 972, in __get__
    value = env.cache.get(record, self)
  File "/home/trungt/odoo-dev/odoo/odoo/api.py", line 796, in get
    raise CacheMiss(record, field)
odoo.exceptions.CacheMiss: 'ir.attachment(200,).raw'

During handling of the above exception, another exception occurred:

Traceback (most recent call last):
  File "/home/trungt/odoo-dev/odoo/odoo/addons/base/models/ir_attachment.py", line 105, in _file_read
    with open(full_path, 'rb') as f:
FileNotFoundError: [Errno 2] No such file or directory: '/home/trungt/odoo-dev/filestores/filestore/odoo-test/ec/ec3d4700b3f183722074d06e3a324359f3a64371'
2022-10-27 09:18:12,122 16033 INFO odoo-test odoo.addons.base.models.ir_attachment: _read_file reading /home/trungt/odoo-dev/filestores/filestore/odoo-test/10/10f3bc7465112ab1c473f79f4fff2491ebd47e97 
Traceback (most recent call last):
  File "/home/trungt/odoo-dev/odoo/odoo/api.py", line 792, in get
    field_cache = field_cache[record.env.cache_key(field)]
KeyError: (None, None)

During handling of the above exception, another exception occurred:

Traceback (most recent call last):
  File "/home/trungt/odoo-dev/odoo/odoo/fields.py", line 972, in __get__
    value = env.cache.get(record, self)
  File "/home/trungt/odoo-dev/odoo/odoo/api.py", line 796, in get
    raise CacheMiss(record, field)
odoo.exceptions.CacheMiss: 'ir.attachment(201,).datas'

During handling of the above exception, another exception occurred:

Traceback (most recent call last):
  File "/home/trungt/odoo-dev/odoo/odoo/api.py", line 792, in get
    field_cache = field_cache[record.env.cache_key(field)]
KeyError: (None,)

During handling of the above exception, another exception occurred:

Traceback (most recent call last):
  File "/home/trungt/odoo-dev/odoo/odoo/fields.py", line 972, in __get__
    value = env.cache.get(record, self)
  File "/home/trungt/odoo-dev/odoo/odoo/api.py", line 796, in get
    raise CacheMiss(record, field)
odoo.exceptions.CacheMiss: 'ir.attachment(201,).raw'

During handling of the above exception, another exception occurred:

Traceback (most recent call last):
  File "/home/trungt/odoo-dev/odoo/odoo/addons/base/models/ir_attachment.py", line 105, in _file_read
    with open(full_path, 'rb') as f:
FileNotFoundError: [Errno 2] No such file or directory: '/home/trungt/odoo-dev/filestores/filestore/odoo-test/10/10f3bc7465112ab1c473f79f4fff2491ebd47e97'
2022-10-27 09:18:12,123 16033 INFO ? werkzeug: 127.0.0.1 - - [27/Oct/2022 09:18:12] "GET /web/static/lib/fontawesome/fonts/fontawesome-webfont.woff2?v=4.7.0 HTTP/1.1" 304 - - - -
2022-10-27 09:18:12,130 16033 INFO odoo-test werkzeug: 127.0.0.1 - - [27/Oct/2022 09:18:12] "GET /web/content/201-48bfde0/web.assets_frontend_minimal_js.js HTTP/1.1" 404 - 3 0.005 0.025
2022-10-27 09:18:12,131 16033 INFO odoo-test werkzeug: 127.0.0.1 - - [27/Oct/2022 09:18:12] "GET /web/content/200-b34ebd5/web.assets_common_minimal_js.js HTTP/1.1" 404 - 5 0.007 0.025
2022-10-27 09:18:12,132 16033 INFO odoo-test odoo.addons.base.models.ir_attachment: _read_file reading /home/trungt/odoo-dev/filestores/filestore/odoo-test/8e/8e4c99a06b60a87292086572ce83461da551420a 
Traceback (most recent call last):
  File "/home/trungt/odoo-dev/odoo/odoo/api.py", line 792, in get
    field_cache = field_cache[record.env.cache_key(field)]
KeyError: (None, None)

During handling of the above exception, another exception occurred:

Traceback (most recent call last):
  File "/home/trungt/odoo-dev/odoo/odoo/fields.py", line 972, in __get__
    value = env.cache.get(record, self)
  File "/home/trungt/odoo-dev/odoo/odoo/api.py", line 796, in get
    raise CacheMiss(record, field)
odoo.exceptions.CacheMiss: 'ir.attachment(198,).datas'

During handling of the above exception, another exception occurred:

Traceback (most recent call last):
  File "/home/trungt/odoo-dev/odoo/odoo/api.py", line 792, in get
    field_cache = field_cache[record.env.cache_key(field)]
KeyError: (None,)

During handling of the above exception, another exception occurred:

Traceback (most recent call last):
  File "/home/trungt/odoo-dev/odoo/odoo/fields.py", line 972, in __get__
    value = env.cache.get(record, self)
  File "/home/trungt/odoo-dev/odoo/odoo/api.py", line 796, in get
    raise CacheMiss(record, field)
odoo.exceptions.CacheMiss: 'ir.attachment(198,).raw'

During handling of the above exception, another exception occurred:

Traceback (most recent call last):
  File "/home/trungt/odoo-dev/odoo/odoo/addons/base/models/ir_attachment.py", line 105, in _file_read
    with open(full_path, 'rb') as f:
FileNotFoundError: [Errno 2] No such file or directory: '/home/trungt/odoo-dev/filestores/filestore/odoo-test/8e/8e4c99a06b60a87292086572ce83461da551420a'
2022-10-27 09:18:12,135 16033 INFO odoo-test odoo.addons.base.models.ir_attachment: _read_file reading /home/trungt/odoo-dev/filestores/filestore/odoo-test/fd/fd0dd380bb47ad557006f5e8efe7ba0c772d2585 
Traceback (most recent call last):
  File "/home/trungt/odoo-dev/odoo/odoo/api.py", line 792, in get
    field_cache = field_cache[record.env.cache_key(field)]
KeyError: (None, None)

During handling of the above exception, another exception occurred:

Traceback (most recent call last):
  File "/home/trungt/odoo-dev/odoo/odoo/fields.py", line 972, in __get__
    value = env.cache.get(record, self)
  File "/home/trungt/odoo-dev/odoo/odoo/api.py", line 796, in get
    raise CacheMiss(record, field)
odoo.exceptions.CacheMiss: 'ir.attachment(199,).datas'

During handling of the above exception, another exception occurred:

Traceback (most recent call last):
  File "/home/trungt/odoo-dev/odoo/odoo/api.py", line 792, in get
    field_cache = field_cache[record.env.cache_key(field)]
KeyError: (None,)

During handling of the above exception, another exception occurred:

Traceback (most recent call last):
  File "/home/trungt/odoo-dev/odoo/odoo/fields.py", line 972, in __get__
    value = env.cache.get(record, self)
  File "/home/trungt/odoo-dev/odoo/odoo/api.py", line 796, in get
    raise CacheMiss(record, field)
odoo.exceptions.CacheMiss: 'ir.attachment(199,).raw'

During handling of the above exception, another exception occurred:

Traceback (most recent call last):
  File "/home/trungt/odoo-dev/odoo/odoo/addons/base/models/ir_attachment.py", line 105, in _file_read
    with open(full_path, 'rb') as f:
FileNotFoundError: [Errno 2] No such file or directory: '/home/trungt/odoo-dev/filestores/filestore/odoo-test/fd/fd0dd380bb47ad557006f5e8efe7ba0c772d2585'
2022-10-27 09:18:12,140 16033 INFO odoo-test werkzeug: 127.0.0.1 - - [27/Oct/2022 09:18:12] "GET /web/content/198-3cfd167/web.assets_common.css HTTP/1.1" 404 - 3 0.004 0.025
2022-10-27 09:18:12,140 16033 INFO odoo-test werkzeug: 127.0.0.1 - - [27/Oct/2022 09:18:12] "GET /web/content/199-dbe146d/web.assets_frontend.css HTTP/1.1" 404 - 3 0.002 0.019
2022-10-27 09:18:12,158 16033 INFO odoo-test odoo.addons.base.models.ir_attachment: _read_file reading /home/trungt/odoo-dev/filestores/filestore/odoo-test/ec/ec3d4700b3f183722074d06e3a324359f3a64371 
Traceback (most recent call last):
  File "/home/trungt/odoo-dev/odoo/odoo/api.py", line 792, in get
    field_cache = field_cache[record.env.cache_key(field)]
KeyError: (None, None)

During handling of the above exception, another exception occurred:

Traceback (most recent call last):
  File "/home/trungt/odoo-dev/odoo/odoo/fields.py", line 972, in __get__
    value = env.cache.get(record, self)
  File "/home/trungt/odoo-dev/odoo/odoo/api.py", line 796, in get
    raise CacheMiss(record, field)
odoo.exceptions.CacheMiss: 'ir.attachment(200,).datas'

During handling of the above exception, another exception occurred:

Traceback (most recent call last):
  File "/home/trungt/odoo-dev/odoo/odoo/api.py", line 792, in get
    field_cache = field_cache[record.env.cache_key(field)]
KeyError: (None,)

During handling of the above exception, another exception occurred:

Traceback (most recent call last):
  File "/home/trungt/odoo-dev/odoo/odoo/fields.py", line 972, in __get__
    value = env.cache.get(record, self)
  File "/home/trungt/odoo-dev/odoo/odoo/api.py", line 796, in get
    raise CacheMiss(record, field)
odoo.exceptions.CacheMiss: 'ir.attachment(200,).raw'

During handling of the above exception, another exception occurred:

Traceback (most recent call last):
  File "/home/trungt/odoo-dev/odoo/odoo/addons/base/models/ir_attachment.py", line 105, in _file_read
    with open(full_path, 'rb') as f:
FileNotFoundError: [Errno 2] No such file or directory: '/home/trungt/odoo-dev/filestores/filestore/odoo-test/ec/ec3d4700b3f183722074d06e3a324359f3a64371'
2022-10-27 09:18:12,165 16033 INFO odoo-test odoo.addons.base.models.ir_attachment: _read_file reading /home/trungt/odoo-dev/filestores/filestore/odoo-test/10/10f3bc7465112ab1c473f79f4fff2491ebd47e97 
Traceback (most recent call last):
  File "/home/trungt/odoo-dev/odoo/odoo/api.py", line 792, in get
    field_cache = field_cache[record.env.cache_key(field)]
KeyError: (None, None)

During handling of the above exception, another exception occurred:

Traceback (most recent call last):
  File "/home/trungt/odoo-dev/odoo/odoo/fields.py", line 972, in __get__
    value = env.cache.get(record, self)
  File "/home/trungt/odoo-dev/odoo/odoo/api.py", line 796, in get
    raise CacheMiss(record, field)
odoo.exceptions.CacheMiss: 'ir.attachment(201,).datas'

During handling of the above exception, another exception occurred:

Traceback (most recent call last):
  File "/home/trungt/odoo-dev/odoo/odoo/api.py", line 792, in get
    field_cache = field_cache[record.env.cache_key(field)]
KeyError: (None,)

During handling of the above exception, another exception occurred:

Traceback (most recent call last):
  File "/home/trungt/odoo-dev/odoo/odoo/fields.py", line 972, in __get__
    value = env.cache.get(record, self)
  File "/home/trungt/odoo-dev/odoo/odoo/api.py", line 796, in get
    raise CacheMiss(record, field)
odoo.exceptions.CacheMiss: 'ir.attachment(201,).raw'

During handling of the above exception, another exception occurred:

Traceback (most recent call last):
  File "/home/trungt/odoo-dev/odoo/odoo/addons/base/models/ir_attachment.py", line 105, in _file_read
    with open(full_path, 'rb') as f:
FileNotFoundError: [Errno 2] No such file or directory: '/home/trungt/odoo-dev/filestores/filestore/odoo-test/10/10f3bc7465112ab1c473f79f4fff2491ebd47e97'
2022-10-27 09:18:12,166 16033 INFO odoo-test werkzeug: 127.0.0.1 - - [27/Oct/2022 09:18:12] "GET /web/content/200-b34ebd5/web.assets_common_minimal_js.js HTTP/1.1" 404 - 3 0.005 0.014
2022-10-27 09:18:12,167 16033 INFO odoo-test werkzeug: 127.0.0.1 - - [27/Oct/2022 09:18:12] "GET /web/binary/company_logo HTTP/1.1" 200 - 2 0.004 0.010
2022-10-27 09:18:12,171 16033 INFO odoo-test werkzeug: 127.0.0.1 - - [27/Oct/2022 09:18:12] "GET /web/content/201-48bfde0/web.assets_frontend_minimal_js.js HTTP/1.1" 404 - 3 0.004 0.018
2022-10-27 09:18:25,296 16033 INFO odoo-test odoo.service.server: Initiating shutdown 
2022-10-27 09:18:25,297 16033 INFO odoo-test odoo.service.server: Hit CTRL-C again or send a second signal to force the shutdown. 
2022-10-27 09:18:25,573 16033 INFO odoo-test odoo.sql_db: ConnectionPool(used=0/count=0/max=64): Closed 4 connections  
2022-10-27 09:18:42,276 16354 INFO ? odoo: Odoo version 14.0 
2022-10-27 09:18:42,277 16354 INFO ? odoo: Using configuration file at /home/trungt/odoo-dev/odoo_14.cfg 
2022-10-27 09:18:42,277 16354 INFO ? odoo: addons paths: ['/home/trungt/odoo-dev/odoo/odoo/addons', '/home/trungt/odoo-dev/filestores/addons/14.0', '/home/trungt/odoo-dev/odoo/addons', '/home/trungt/odoo-dev/custom-addons', '/home/trungt/odoo-dev/odoo'] 
2022-10-27 09:18:42,277 16354 INFO ? odoo: database: trungt@localhost:5432 
2022-10-27 09:18:42,564 16354 INFO ? odoo.addons.base.models.ir_actions_report: Will use the Wkhtmltopdf binary at /usr/local/bin/wkhtmltopdf 
2022-10-27 09:18:42,704 16354 INFO ? odoo.service.server: HTTP service (werkzeug) running on localhost:8014 
2022-10-27 09:18:42,723 16354 INFO ? odoo.modules.loading: init db 
2022-10-27 09:18:43,570 16354 INFO odoo-test odoo.modules.loading: loading 1 modules... 
2022-10-27 09:18:43,570 16354 INFO odoo-test odoo.modules.loading: Loading module base (1/1) 
2022-10-27 09:18:43,716 16354 INFO odoo-test odoo.modules.registry: module base: creating or updating database tables 
2022-10-27 09:18:44,600 16354 INFO ? odoo.http: HTTP Configuring static files 
2022-10-27 09:18:45,505 16354 INFO odoo-test odoo.models: Storing computed values of ir.module.module.menus_by_module 
2022-10-27 09:18:45,506 16354 INFO odoo-test odoo.models: Storing computed values of ir.module.module.reports_by_module 
2022-10-27 09:18:45,506 16354 INFO odoo-test odoo.models: Storing computed values of ir.module.module.views_by_module 
2022-10-27 09:18:45,507 16354 INFO odoo-test odoo.models: Storing computed values of res.partner.display_name 
2022-10-27 09:18:45,507 16354 INFO odoo-test odoo.models: Storing computed values of res.partner.partner_share 
2022-10-27 09:18:45,508 16354 INFO odoo-test odoo.models: Storing computed values of res.partner.commercial_partner_id 
2022-10-27 09:18:45,508 16354 INFO odoo-test odoo.models: Storing computed values of res.partner.commercial_company_name 
2022-10-27 09:18:45,508 16354 INFO odoo-test odoo.models: Storing computed values of res.currency.decimal_places 
2022-10-27 09:18:45,510 16354 INFO odoo-test odoo.models: Storing computed values of res.company.logo_web 
2022-10-27 09:18:45,512 16354 INFO odoo-test odoo.models: Storing computed values of res.users.share 
2022-10-27 09:18:46,952 16354 INFO odoo-test odoo.modules.loading: loading base/data/res.lang.csv 
2022-10-27 09:18:47,063 16354 INFO odoo-test odoo.modules.loading: loading base/data/res_lang_data.xml 
2022-10-27 09:18:47,084 16354 INFO odoo-test odoo.modules.loading: loading base/data/res_partner_data.xml 
2022-10-27 09:18:47,153 16354 INFO odoo-test odoo.modules.loading: loading base/data/res_company_data.xml 
2022-10-27 09:18:47,165 16354 INFO odoo-test odoo.modules.loading: loading base/data/res_users_data.xml 
2022-10-27 09:18:47,261 16354 INFO odoo-test odoo.modules.loading: loading base/data/report_paperformat_data.xml 
2022-10-27 09:18:47,271 16354 INFO odoo-test odoo.modules.loading: loading base/data/res_currency_data.xml 
2022-10-27 09:18:47,627 16354 INFO odoo-test odoo.modules.loading: loading base/data/res_country_data.xml 
2022-10-27 09:18:48,248 16354 INFO odoo-test odoo.modules.loading: loading base/data/ir_demo_data.xml 
2022-10-27 09:18:48,400 16354 INFO odoo-test odoo.modules.loading: loading base/security/base_groups.xml 
2022-10-27 09:18:48,635 16354 INFO odoo-test odoo.modules.loading: loading base/security/base_security.xml 
2022-10-27 09:18:48,842 16354 INFO odoo-test odoo.modules.loading: loading base/views/base_menus.xml 
2022-10-27 09:18:48,919 16354 INFO odoo-test odoo.modules.loading: loading base/views/decimal_precision_views.xml 
2022-10-27 09:18:48,944 16354 INFO odoo-test odoo.modules.loading: loading base/views/res_config_views.xml 
2022-10-27 09:18:48,962 16354 INFO odoo-test odoo.modules.loading: loading base/data/res.country.state.csv 
2022-10-27 09:18:50,779 16354 INFO odoo-test odoo.modules.loading: loading base/views/ir_actions_views.xml 
2022-10-27 09:18:51,006 16354 INFO odoo-test odoo.modules.loading: loading base/views/ir_config_parameter_views.xml 
2022-10-27 09:18:51,043 16354 INFO odoo-test odoo.modules.loading: loading base/views/ir_cron_views.xml 
2022-10-27 09:18:51,106 16354 INFO odoo-test odoo.modules.loading: loading base/views/ir_filters_views.xml 
2022-10-27 09:18:51,143 16354 INFO odoo-test odoo.modules.loading: loading base/views/ir_mail_server_views.xml 
2022-10-27 09:18:51,179 16354 INFO odoo-test odoo.modules.loading: loading base/views/ir_model_views.xml 
2022-10-27 09:18:51,476 16354 INFO odoo-test odoo.modules.loading: loading base/views/ir_attachment_views.xml 
2022-10-27 09:18:51,518 16354 INFO odoo-test odoo.modules.loading: loading base/views/ir_rule_views.xml 
2022-10-27 09:18:51,558 16354 INFO odoo-test odoo.modules.loading: loading base/views/ir_sequence_views.xml 
2022-10-27 09:18:51,598 16354 INFO odoo-test odoo.modules.loading: loading base/views/ir_translation_views.xml 
2022-10-27 09:18:51,659 16354 INFO odoo-test odoo.modules.loading: loading base/views/ir_ui_menu_views.xml 
2022-10-27 09:18:51,695 16354 INFO odoo-test odoo.modules.loading: loading base/views/ir_ui_view_views.xml 
2022-10-27 09:18:51,784 16354 INFO odoo-test odoo.modules.loading: loading base/views/ir_default_views.xml 
2022-10-27 09:18:51,817 16354 INFO odoo-test odoo.modules.loading: loading base/data/ir_cron_data.xml 
2022-10-27 09:18:51,824 16354 INFO odoo-test odoo.modules.loading: loading base/report/ir_model_report.xml 
2022-10-27 09:18:51,828 16354 INFO odoo-test odoo.modules.loading: loading base/report/ir_model_templates.xml 
2022-10-27 09:18:51,845 16354 INFO odoo-test odoo.modules.loading: loading base/views/ir_logging_views.xml 
2022-10-27 09:18:51,893 16354 INFO odoo-test odoo.modules.loading: loading base/views/ir_qweb_widget_templates.xml 
2022-10-27 09:18:51,922 16354 INFO odoo-test odoo.modules.loading: loading base/views/ir_module_views.xml 
2022-10-27 09:18:52,088 16354 INFO odoo-test odoo.modules.loading: loading base/data/ir_module_category_data.xml 
2022-10-27 09:18:52,194 16354 INFO odoo-test odoo.modules.loading: loading base/data/ir_module_module.xml 
2022-10-27 09:18:52,301 16354 INFO odoo-test odoo.modules.loading: loading base/report/ir_module_reports.xml 
2022-10-27 09:18:52,308 16354 INFO odoo-test odoo.modules.loading: loading base/report/ir_module_report_templates.xml 
2022-10-27 09:18:52,338 16354 INFO odoo-test odoo.modules.loading: loading base/wizard/base_module_update_views.xml 
2022-10-27 09:18:52,363 16354 INFO odoo-test odoo.modules.loading: loading base/wizard/base_language_install_views.xml 
2022-10-27 09:18:52,400 16354 INFO odoo-test odoo.modules.loading: loading base/wizard/base_import_language_views.xml 
2022-10-27 09:18:52,427 16354 INFO odoo-test odoo.modules.loading: loading base/wizard/base_module_upgrade_views.xml 
2022-10-27 09:18:52,467 16354 INFO odoo-test odoo.modules.loading: loading base/wizard/base_module_uninstall_views.xml 
2022-10-27 09:18:52,491 16354 INFO odoo-test odoo.modules.loading: loading base/wizard/base_export_language_views.xml 
2022-10-27 09:18:52,525 16354 INFO odoo-test odoo.modules.loading: loading base/wizard/base_update_translations_views.xml 
2022-10-27 09:18:52,548 16354 INFO odoo-test odoo.modules.loading: loading base/wizard/base_partner_merge_views.xml 
2022-10-27 09:18:52,587 16354 INFO odoo-test odoo.modules.loading: loading base/data/ir_actions_data.xml 
2022-10-27 09:18:52,593 16354 INFO odoo-test odoo.modules.loading: loading base/data/ir_demo_failure_data.xml 
2022-10-27 09:18:52,616 16354 INFO odoo-test odoo.modules.loading: loading base/views/res_company_views.xml 
2022-10-27 09:18:52,694 16354 INFO odoo-test odoo.modules.loading: loading base/views/res_lang_views.xml 
2022-10-27 09:18:52,774 16354 INFO odoo-test odoo.modules.loading: loading base/views/res_partner_views.xml 
2022-10-27 09:18:53,128 16354 INFO odoo-test odoo.modules.loading: loading base/views/res_bank_views.xml 
2022-10-27 09:18:53,232 16354 INFO odoo-test odoo.modules.loading: loading base/views/res_country_views.xml 
2022-10-27 09:18:53,313 16354 INFO odoo-test odoo.modules.loading: loading base/views/res_currency_views.xml 
2022-10-27 09:18:53,388 16354 INFO odoo-test odoo.modules.loading: loading base/views/res_users_views.xml 
2022-10-27 09:18:53,671 16354 INFO odoo-test odoo.modules.loading: loading base/views/ir_property_views.xml 
2022-10-27 09:18:53,733 16354 INFO odoo-test odoo.modules.loading: loading base/views/res_config_settings_views.xml 
2022-10-27 09:18:53,757 16354 INFO odoo-test odoo.modules.loading: loading base/views/report_paperformat_views.xml 
2022-10-27 09:18:53,816 16354 INFO odoo-test odoo.modules.loading: loading base/views/onboarding_views.xml 
2022-10-27 09:18:53,907 16354 INFO odoo-test odoo.modules.loading: loading base/security/ir.model.access.csv 
2022-10-27 09:18:54,462 16354 INFO odoo-test odoo.modules.loading: Module base: loading demo 
2022-10-27 09:18:54,462 16354 INFO odoo-test odoo.modules.loading: loading base/data/res_company_demo.xml 
2022-10-27 09:18:54,475 16354 INFO odoo-test odoo.modules.loading: loading base/data/res_users_demo.xml 
2022-10-27 09:18:54,634 16354 INFO odoo-test odoo.modules.loading: loading base/data/res_partner_bank_demo.xml 
2022-10-27 09:18:54,640 16354 INFO odoo-test odoo.modules.loading: loading base/data/res_currency_rate_demo.xml 
2022-10-27 09:18:54,954 16354 INFO odoo-test odoo.modules.loading: loading base/data/res_bank_demo.xml 
2022-10-27 09:18:54,959 16354 INFO odoo-test odoo.modules.loading: loading base/data/res_partner_demo.xml 
2022-10-27 09:18:55,259 16354 INFO odoo-test odoo.modules.loading: loading base/data/res_partner_image_demo.xml 
2022-10-27 09:18:55,893 16354 INFO odoo-test odoo.modules.loading: Module base loaded in 12.32s, 11033 queries 
2022-10-27 09:18:55,893 16354 INFO odoo-test odoo.modules.loading: 1 modules loaded in 12.32s, 11033 queries (+0 extra) 
2022-10-27 09:18:55,913 16354 INFO odoo-test odoo.modules.loading: updating modules list 
2022-10-27 09:18:55,914 16354 INFO odoo-test odoo.addons.base.models.ir_module: ALLOW access to module.update_list on [] to user __system__ #1 via n/a 
2022-10-27 09:18:56,651 16354 WARNING odoo-test odoo.modules.loading: invalid module names, ignored:  
2022-10-27 09:18:56,673 16354 INFO odoo-test odoo.modules.loading: loading 7 modules... 
2022-10-27 09:18:56,673 16354 INFO odoo-test odoo.modules.loading: Loading module web (2/7) 
2022-10-27 09:18:56,812 16354 INFO odoo-test odoo.modules.registry: module web: creating or updating database tables 
2022-10-27 09:18:57,288 16354 INFO odoo-test odoo.modules.loading: loading web/security/ir.model.access.csv 
2022-10-27 09:18:57,305 16354 INFO odoo-test odoo.modules.loading: loading web/views/webclient_templates.xml 
2022-10-27 09:18:57,558 16354 INFO odoo-test odoo.modules.loading: loading web/views/report_templates.xml 
2022-10-27 09:18:57,704 16354 INFO odoo-test odoo.modules.loading: loading web/views/base_document_layout_views.xml 
2022-10-27 09:18:57,727 16354 INFO odoo-test odoo.modules.loading: loading web/data/report_layout.xml 
2022-10-27 09:18:57,777 16354 INFO odoo-test odoo.modules.loading: Module web: loading demo 
2022-10-27 09:18:57,797 16354 INFO odoo-test odoo.modules.loading: Module web loaded in 1.12s, 1303 queries 
2022-10-27 09:18:57,797 16354 INFO odoo-test odoo.modules.loading: Loading module auth_totp (3/7) 
2022-10-27 09:18:57,846 16354 INFO odoo-test odoo.modules.registry: module auth_totp: creating or updating database tables 
2022-10-27 09:18:57,943 16354 INFO odoo-test odoo.modules.loading: loading auth_totp/security/security.xml 
2022-10-27 09:18:57,954 16354 INFO odoo-test odoo.modules.loading: loading auth_totp/views/user_preferences.xml 
2022-10-27 09:18:58,058 16354 INFO odoo-test odoo.modules.loading: loading auth_totp/views/templates.xml 
2022-10-27 09:18:58,078 16354 INFO odoo-test odoo.modules.loading: Module auth_totp: loading demo 
2022-10-27 09:18:58,093 16354 INFO odoo-test odoo.modules.loading: Module auth_totp loaded in 0.30s, 211 queries 
2022-10-27 09:18:58,093 16354 INFO odoo-test odoo.modules.loading: Loading module base_import (4/7) 
2022-10-27 09:18:58,278 16354 INFO odoo-test odoo.modules.registry: module base_import: creating or updating database tables 
2022-10-27 09:18:59,143 16354 INFO odoo-test odoo.modules.loading: loading base_import/security/ir.model.access.csv 
2022-10-27 09:18:59,228 16354 INFO odoo-test odoo.modules.loading: loading base_import/views/base_import_templates.xml 
2022-10-27 09:18:59,255 16354 INFO odoo-test odoo.modules.loading: Module base_import: loading demo 
2022-10-27 09:18:59,270 16354 INFO odoo-test odoo.modules.loading: Module base_import loaded in 1.18s, 866 queries 
2022-10-27 09:18:59,270 16354 INFO odoo-test odoo.modules.loading: Loading module web_editor (5/7) 
2022-10-27 09:18:59,365 16354 INFO odoo-test odoo.modules.registry: module web_editor: creating or updating database tables 
2022-10-27 09:18:59,518 16354 INFO odoo-test odoo.modules.loading: loading web_editor/security/ir.model.access.csv 
2022-10-27 09:18:59,535 16354 INFO odoo-test odoo.modules.loading: loading web_editor/views/editor.xml 
2022-10-27 09:18:59,703 16354 INFO odoo-test odoo.modules.loading: loading web_editor/views/snippets.xml 
2022-10-27 09:18:59,762 16354 INFO odoo-test odoo.modules.loading: Module web_editor: loading demo 
2022-10-27 09:18:59,778 16354 INFO odoo-test odoo.modules.loading: Module web_editor loaded in 0.51s, 497 queries 
2022-10-27 09:18:59,778 16354 INFO odoo-test odoo.modules.loading: Loading module web_kanban_gauge (6/7) 
2022-10-27 09:18:59,839 16354 INFO odoo-test odoo.modules.loading: loading web_kanban_gauge/views/web_kanban_gauge_templates.xml 
2022-10-27 09:18:59,922 16354 INFO odoo-test odoo.modules.loading: Module web_kanban_gauge: loading demo 
2022-10-27 09:18:59,935 16354 INFO odoo-test odoo.modules.loading: Module web_kanban_gauge loaded in 0.16s, 67 queries 
2022-10-27 09:18:59,935 16354 INFO odoo-test odoo.modules.loading: Loading module web_tour (7/7) 
2022-10-27 09:19:00,000 16354 INFO odoo-test odoo.modules.registry: module web_tour: creating or updating database tables 
2022-10-27 09:19:00,083 16354 INFO odoo-test odoo.modules.loading: loading web_tour/security/ir.model.access.csv 
2022-10-27 09:19:00,101 16354 INFO odoo-test odoo.modules.loading: loading web_tour/security/ir.rule.csv 
2022-10-27 09:19:00,116 16354 INFO odoo-test odoo.modules.loading: loading web_tour/views/tour_templates.xml 
2022-10-27 09:19:00,186 16354 INFO odoo-test odoo.modules.loading: loading web_tour/views/tour_views.xml 
2022-10-27 09:19:00,211 16354 INFO odoo-test odoo.modules.loading: Module web_tour: loading demo 
2022-10-27 09:19:00,211 16354 INFO odoo-test odoo.modules.loading: loading web_tour/data/web_tour_demo.xml 
2022-10-27 09:19:00,243 16354 INFO odoo-test odoo.modules.loading: Module web_tour loaded in 0.31s, 242 queries 
2022-10-27 09:19:00,243 16354 INFO odoo-test odoo.modules.loading: 7 modules loaded in 3.57s, 3186 queries (+0 extra) 
2022-10-27 09:19:00,459 16354 INFO odoo-test odoo.modules.loading: Modules loaded. 
2022-10-27 09:19:00,474 16354 INFO odoo-test odoo.addons.base.models.ir_http: Generating routing map for key None 
2022-10-27 09:19:02,341 16354 INFO odoo-test werkzeug: 127.0.0.1 - - [27/Oct/2022 09:19:02] "GET /web/login HTTP/1.1" 200 - 287 0.111 17.628
2022-10-27 09:19:02,380 16354 INFO ? werkzeug: 127.0.0.1 - - [27/Oct/2022 09:19:02] "GET /web/static/lib/fontawesome/fonts/fontawesome-webfont.woff2?v=4.7.0 HTTP/1.1" 304 - - - -
2022-10-27 09:19:02,420 16354 INFO odoo-test werkzeug: 127.0.0.1 - - [27/Oct/2022 09:19:02] "GET /web/content/201-48bfde0/web.assets_frontend_minimal_js.js HTTP/1.1" 200 - 4 0.009 0.023
2022-10-27 09:19:02,421 16354 INFO odoo-test werkzeug: 127.0.0.1 - - [27/Oct/2022 09:19:02] "GET /web/content/200-b34ebd5/web.assets_common_minimal_js.js HTTP/1.1" 200 - 4 0.007 0.031
2022-10-27 09:19:02,427 16354 INFO odoo-test werkzeug: 127.0.0.1 - - [27/Oct/2022 09:19:02] "GET /web/content/199-dbe146d/web.assets_frontend.css HTTP/1.1" 200 - 4 0.014 0.030
2022-10-27 09:19:02,428 16354 INFO odoo-test werkzeug: 127.0.0.1 - - [27/Oct/2022 09:19:02] "GET /web/content/198-3cfd167/web.assets_common.css HTTP/1.1" 200 - 5 0.016 0.031
2022-10-27 09:19:02,471 16354 INFO odoo-test werkzeug: 127.0.0.1 - - [27/Oct/2022 09:19:02] "GET /web/binary/company_logo HTTP/1.1" 200 - 2 0.001 0.004
2022-10-27 09:19:02,472 16354 INFO ? werkzeug: 127.0.0.1 - - [27/Oct/2022 09:19:02] "GET /web/static/src/fonts/google/Roboto/Roboto-Regular.ttf HTTP/1.1" 200 - - - -
2022-10-27 09:19:02,519 16354 INFO odoo-test werkzeug: 127.0.0.1 - - [27/Oct/2022 09:19:02] "GET /web/content/202-0d15bcb/web.assets_common_lazy.js HTTP/1.1" 200 - 3 0.002 0.017
2022-10-27 09:19:02,645 16354 INFO odoo-test werkzeug: 127.0.0.1 - - [27/Oct/2022 09:19:02] "GET /web/content/203-5ca82aa/web.assets_frontend_lazy.js HTTP/1.1" 200 - 3 0.001 0.005
2022-10-27 09:19:02,668 16354 INFO odoo-test werkzeug: 127.0.0.1 - - [27/Oct/2022 09:19:02] "GET /web/webclient/translations/1666862342650?mods=&lang= HTTP/1.1" 200 - 9 0.007 0.008
2022-10-27 09:19:02,672 16354 INFO odoo-test werkzeug: 127.0.0.1 - - [27/Oct/2022 09:19:02] "GET /web/webclient/locale/en_US HTTP/1.1" 200 - 1 0.000 0.012
2022-10-27 09:19:15,652 16354 INFO odoo-test odoo.addons.base.models.res_users: Login successful for db:odoo-test login:admin from 127.0.0.1 
2022-10-27 09:19:15,668 16354 INFO odoo-test odoo.modules.registry: At least one model cache has been invalidated, signaling through the database. 
2022-10-27 09:19:15,669 16354 INFO odoo-test werkzeug: 127.0.0.1 - - [27/Oct/2022 09:19:15] "POST /web/login HTTP/1.1" 303 - 58 0.021 0.062
2022-10-27 09:19:17,594 16354 INFO odoo-test werkzeug: 127.0.0.1 - - [27/Oct/2022 09:19:17] "GET /web HTTP/1.1" 200 - 307 0.087 1.834
2022-10-27 09:19:17,655 16354 INFO odoo-test werkzeug: 127.0.0.1 - - [27/Oct/2022 09:19:17] "GET /web/content/204-65e9648/web.assets_backend.css HTTP/1.1" 200 - 2 0.003 0.020
2022-10-27 09:19:17,672 16354 INFO odoo-test werkzeug: 127.0.0.1 - - [27/Oct/2022 09:19:17] "GET /web/content/205-3cfd167/web.assets_common.js HTTP/1.1" 200 - 2 0.002 0.037
2022-10-27 09:19:17,673 16354 INFO odoo-test werkzeug: 127.0.0.1 - - [27/Oct/2022 09:19:17] "GET /web/content/207-803b2ae/web.assets_backend_prod_only.js HTTP/1.1" 200 - 2 0.011 0.021
2022-10-27 09:19:17,674 16354 INFO odoo-test werkzeug: 127.0.0.1 - - [27/Oct/2022 09:19:17] "GET /web/content/206-65e9648/web.assets_backend.js HTTP/1.1" 200 - 2 0.002 0.037
2022-10-27 09:19:17,695 16354 INFO odoo-test werkzeug: 127.0.0.1 - - [27/Oct/2022 09:19:17] "GET /web/webclient/load_menus/57190163f52a287259664b06543ba9efc03afa9c27efd7b398830c9940d58905 HTTP/1.1" 200 - 1 0.000 0.006
2022-10-27 09:19:17,847 16354 INFO odoo-test werkzeug: 127.0.0.1 - - [27/Oct/2022 09:19:17] "GET /web/webclient/qweb/2e7b81bbe436b652dea55a392b998f3993bf113a9de59d9428e159e32f729522?mods=base,web,auth_totp,base_import,web_editor,web_kanban_gauge,web_tour HTTP/1.1" 200 - 1 0.000 0.011
2022-10-27 09:19:17,891 16354 INFO odoo-test werkzeug: 127.0.0.1 - - [27/Oct/2022 09:19:17] "GET /web/webclient/translations/5227498d9df4b403b0244c75aac21e0c091e50ce?mods=base%2Cweb%2Cauth_totp%2Cbase_import%2Cweb_editor%2Cweb_kanban_gauge%2Cweb_tour&lang=en_US HTTP/1.1" 200 - 4 0.001 0.004
2022-10-27 09:19:17,925 16354 INFO ? werkzeug: 127.0.0.1 - - [27/Oct/2022 09:19:17] "GET /web/static/src/img/user_menu_avatar.png HTTP/1.1" 200 - - - -
2022-10-27 09:19:18,019 16354 INFO odoo-test werkzeug: 127.0.0.1 - - [27/Oct/2022 09:19:18] "POST /web/dataset/call_kw/res.users/read HTTP/1.1" 200 - 2 0.002 0.079
2022-10-27 09:19:18,033 16354 INFO odoo-test werkzeug: 127.0.0.1 - - [27/Oct/2022 09:19:18] "GET /web/image?model=res.users&field=image_128&id=2 HTTP/1.1" 200 - 11 0.072 0.031
2022-10-27 09:19:18,102 16354 INFO odoo-test werkzeug: 127.0.0.1 - - [27/Oct/2022 09:19:18] "POST /web/action/load HTTP/1.1" 200 - 30 0.026 0.060
2022-10-27 09:19:18,136 16354 INFO odoo-test werkzeug: 127.0.0.1 - - [27/Oct/2022 09:19:18] "GET /web/image/res.company/1/favicon/ HTTP/1.1" 200 - 11 0.008 0.022
2022-10-27 09:19:18,322 16354 INFO odoo-test werkzeug: 127.0.0.1 - - [27/Oct/2022 09:19:18] "POST /web/dataset/call_kw/ir.module.module/load_views HTTP/1.1" 200 - 80 0.028 0.081
2022-10-27 09:19:18,395 16354 INFO odoo-test werkzeug: 127.0.0.1 - - [27/Oct/2022 09:19:18] "POST /web/dataset/call_kw/ir.module.module/search_panel_select_range HTTP/1.1" 200 - 85 0.025 0.026
2022-10-27 09:19:18,414 16354 INFO odoo-test werkzeug: 127.0.0.1 - - [27/Oct/2022 09:19:18] "POST /web/dataset/search_read HTTP/1.1" 200 - 6 0.002 0.009
2022-10-27 09:19:18,453 16354 INFO ? werkzeug: 127.0.0.1 - - [27/Oct/2022 09:19:18] "GET /sale_management/static/description/icon.png HTTP/1.1" 200 - - - -
2022-10-27 09:19:18,455 16354 INFO ? werkzeug: 127.0.0.1 - - [27/Oct/2022 09:19:18] "GET /account/static/description/icon.png HTTP/1.1" 200 - - - -
2022-10-27 09:19:18,459 16354 INFO ? werkzeug: 127.0.0.1 - - [27/Oct/2022 09:19:18] "GET /crm/static/description/icon.png HTTP/1.1" 200 - - - -
2022-10-27 09:19:18,461 16354 INFO ? werkzeug: 127.0.0.1 - - [27/Oct/2022 09:19:18] "GET /base/static/img/icons/mrp_workorder.png HTTP/1.1" 200 - - - -
2022-10-27 09:19:18,463 16354 INFO ? werkzeug: 127.0.0.1 - - [27/Oct/2022 09:19:18] "GET /website/static/description/icon.png HTTP/1.1" 200 - - - -
2022-10-27 09:19:18,465 16354 INFO ? werkzeug: 127.0.0.1 - - [27/Oct/2022 09:19:18] "GET /stock/static/description/icon.png HTTP/1.1" 200 - - - -
2022-10-27 09:19:18,467 16354 INFO ? werkzeug: 127.0.0.1 - - [27/Oct/2022 09:19:18] "GET /base/static/img/icons/account_accountant.png HTTP/1.1" 200 - - - -
2022-10-27 09:19:18,470 16354 INFO ? werkzeug: 127.0.0.1 - - [27/Oct/2022 09:19:18] "GET /purchase/static/description/icon.png HTTP/1.1" 200 - - - -
2022-10-27 09:19:18,473 16354 INFO ? werkzeug: 127.0.0.1 - - [27/Oct/2022 09:19:18] "GET /point_of_sale/static/description/icon.png HTTP/1.1" 200 - - - -
2022-10-27 09:19:18,474 16354 INFO ? werkzeug: 127.0.0.1 - - [27/Oct/2022 09:19:18] "GET /project/static/description/icon.png HTTP/1.1" 200 - - - -
2022-10-27 09:19:18,477 16354 INFO ? werkzeug: 127.0.0.1 - - [27/Oct/2022 09:19:18] "GET /website_sale/static/description/icon.png HTTP/1.1" 200 - - - -
2022-10-27 09:19:18,481 16354 INFO ? werkzeug: 127.0.0.1 - - [27/Oct/2022 09:19:18] "GET /mrp/static/description/icon.png HTTP/1.1" 200 - - - -
2022-10-27 09:19:18,488 16354 INFO ? werkzeug: 127.0.0.1 - - [27/Oct/2022 09:19:18] "GET /mass_mailing/static/description/icon.png HTTP/1.1" 200 - - - -
2022-10-27 09:19:18,492 16354 INFO ? werkzeug: 127.0.0.1 - - [27/Oct/2022 09:19:18] "GET /base/static/img/icons/timesheet_grid.png HTTP/1.1" 200 - - - -
2022-10-27 09:19:18,496 16354 INFO ? werkzeug: 127.0.0.1 - - [27/Oct/2022 09:19:18] "GET /hr_expense/static/description/icon.png HTTP/1.1" 200 - - - -
2022-10-27 09:19:18,502 16354 INFO ? werkzeug: 127.0.0.1 - - [27/Oct/2022 09:19:18] "GET /base/static/img/icons/web_studio.png HTTP/1.1" 200 - - - -
2022-10-27 09:19:18,505 16354 INFO ? werkzeug: 127.0.0.1 - - [27/Oct/2022 09:19:18] "GET /hr_holidays/static/description/icon.png HTTP/1.1" 200 - - - -
2022-10-27 09:19:18,507 16354 INFO ? werkzeug: 127.0.0.1 - - [27/Oct/2022 09:19:18] "GET /hr_recruitment/static/description/icon.png HTTP/1.1" 200 - - - -
2022-10-27 09:19:18,519 16354 INFO ? werkzeug: 127.0.0.1 - - [27/Oct/2022 09:19:18] "GET /maintenance/static/description/icon.png HTTP/1.1" 200 - - - -
2022-10-27 09:19:18,520 16354 INFO ? werkzeug: 127.0.0.1 - - [27/Oct/2022 09:19:18] "GET /hr/static/description/icon.png HTTP/1.1" 200 - - - -
2022-10-27 09:19:18,521 16354 INFO ? werkzeug: 127.0.0.1 - - [27/Oct/2022 09:19:18] "GET /base/static/img/icons/sign.png HTTP/1.1" 200 - - - -
2022-10-27 09:19:18,521 16354 INFO ? werkzeug: 127.0.0.1 - - [27/Oct/2022 09:19:18] "GET /base/static/img/icons/helpdesk.png HTTP/1.1" 200 - - - -
2022-10-27 09:19:18,525 16354 INFO ? werkzeug: 127.0.0.1 - - [27/Oct/2022 09:19:18] "GET /base/static/img/icons/sale_subscription.png HTTP/1.1" 200 - - - -
2022-10-27 09:19:18,527 16354 INFO ? werkzeug: 127.0.0.1 - - [27/Oct/2022 09:19:18] "GET /base/static/img/icons/quality_control.png HTTP/1.1" 200 - - - -
2022-10-27 09:19:18,529 16354 INFO ? werkzeug: 127.0.0.1 - - [27/Oct/2022 09:19:18] "GET /website_slides/static/description/icon.png HTTP/1.1" 200 - - - -
2022-10-27 09:19:18,532 16354 INFO ? werkzeug: 127.0.0.1 - - [27/Oct/2022 09:19:18] "GET /base/static/img/icons/planning.png HTTP/1.1" 200 - - - -
2022-10-27 09:19:18,533 16354 INFO ? werkzeug: 127.0.0.1 - - [27/Oct/2022 09:19:18] "GET /website_event/static/description/icon.png HTTP/1.1" 200 - - - -
2022-10-27 09:19:18,539 16354 INFO ? werkzeug: 127.0.0.1 - - [27/Oct/2022 09:19:18] "GET /mail/static/description/icon.png HTTP/1.1" 200 - - - -
2022-10-27 09:19:18,544 16354 INFO ? werkzeug: 127.0.0.1 - - [27/Oct/2022 09:19:18] "GET /contacts/static/description/icon.png HTTP/1.1" 200 - - - -
2022-10-27 09:19:18,553 16354 INFO ? werkzeug: 127.0.0.1 - - [27/Oct/2022 09:19:18] "GET /base/static/img/icons/mrp_plm.png HTTP/1.1" 200 - - - -
2022-10-27 09:19:18,555 16354 INFO ? werkzeug: 127.0.0.1 - - [27/Oct/2022 09:19:18] "GET /calendar/static/description/icon.png HTTP/1.1" 200 - - - -
2022-10-27 09:19:18,567 16354 INFO ? werkzeug: 127.0.0.1 - - [27/Oct/2022 09:19:18] "GET /fleet/static/description/icon.png HTTP/1.1" 200 - - - -
2022-10-27 09:19:18,569 16354 INFO ? werkzeug: 127.0.0.1 - - [27/Oct/2022 09:19:18] "GET /base/static/img/icons/hr_appraisal.png HTTP/1.1" 200 - - - -
2022-10-27 09:19:18,573 16354 INFO ? werkzeug: 127.0.0.1 - - [27/Oct/2022 09:19:18] "GET /base/static/img/icons/marketing_automation.png HTTP/1.1" 200 - - - -
2022-10-27 09:19:18,576 16354 INFO ? werkzeug: 127.0.0.1 - - [27/Oct/2022 09:19:18] "GET /website_blog/static/description/icon.png HTTP/1.1" 200 - - - -
2022-10-27 09:19:18,580 16354 INFO ? werkzeug: 127.0.0.1 - - [27/Oct/2022 09:19:18] "GET /base/static/img/icons/website_calendar.png HTTP/1.1" 200 - - - -
2022-10-27 09:19:18,580 16354 INFO ? werkzeug: 127.0.0.1 - - [27/Oct/2022 09:19:18] "GET /im_livechat/static/description/icon.png HTTP/1.1" 200 - - - -
2022-10-27 09:19:18,589 16354 INFO ? werkzeug: 127.0.0.1 - - [27/Oct/2022 09:19:18] "GET /survey/static/description/icon.png HTTP/1.1" 200 - - - -
2022-10-27 09:19:18,594 16354 INFO ? werkzeug: 127.0.0.1 - - [27/Oct/2022 09:19:18] "GET /base/static/img/icons/web_mobile.png HTTP/1.1" 200 - - - -
2022-10-27 09:19:18,601 16354 INFO ? werkzeug: 127.0.0.1 - - [27/Oct/2022 09:19:18] "GET /board/static/description/icon.png HTTP/1.1" 200 - - - -
2022-10-27 09:19:18,607 16354 INFO ? werkzeug: 127.0.0.1 - - [27/Oct/2022 09:19:18] "GET /repair/static/description/icon.png HTTP/1.1" 200 - - - -
2022-10-27 09:19:18,612 16354 INFO ? werkzeug: 127.0.0.1 - - [27/Oct/2022 09:19:18] "GET /hr_attendance/static/description/icon.png HTTP/1.1" 200 - - - -
2022-10-27 09:19:18,615 16354 INFO ? werkzeug: 127.0.0.1 - - [27/Oct/2022 09:19:18] "GET /mass_mailing_sms/static/description/icon.png HTTP/1.1" 200 - - - -
2022-10-27 09:19:18,630 16354 INFO ? werkzeug: 127.0.0.1 - - [27/Oct/2022 09:19:18] "GET /base/static/img/icons/stock_barcode.png HTTP/1.1" 200 - - - -
2022-10-27 09:19:18,645 16354 INFO ? werkzeug: 127.0.0.1 - - [27/Oct/2022 09:19:18] "GET /note/static/description/icon.png HTTP/1.1" 200 - - - -
2022-10-27 09:19:18,649 16354 INFO ? werkzeug: 127.0.0.1 - - [27/Oct/2022 09:19:18] "GET /website_forum/static/description/icon.png HTTP/1.1" 200 - - - -
2022-10-27 09:19:18,651 16354 INFO ? werkzeug: 127.0.0.1 - - [27/Oct/2022 09:19:18] "GET /hr_skills/static/description/icon.png HTTP/1.1" 200 - - - -
2022-10-27 09:19:18,653 16354 INFO ? werkzeug: 127.0.0.1 - - [27/Oct/2022 09:19:18] "GET /base/static/img/icons/voip.png HTTP/1.1" 200 - - - -
2022-10-27 09:19:18,667 16354 INFO ? werkzeug: 127.0.0.1 - - [27/Oct/2022 09:19:18] "GET /lunch/static/description/icon.png HTTP/1.1" 200 - - - -
2022-10-27 09:19:18,674 16354 INFO ? werkzeug: 127.0.0.1 - - [27/Oct/2022 09:19:18] "GET /website_hr_recruitment/static/description/icon.png HTTP/1.1" 200 - - - -
2022-10-27 09:19:18,680 16354 INFO ? werkzeug: 127.0.0.1 - - [27/Oct/2022 09:19:18] "GET /base/static/img/icons/sale_ebay.png HTTP/1.1" 200 - - - -
2022-10-27 09:19:18,689 16354 INFO ? werkzeug: 127.0.0.1 - - [27/Oct/2022 09:19:18] "GET /base/static/description/icon.png HTTP/1.1" 200 - - - -
2022-10-27 09:19:18,693 16354 INFO ? werkzeug: 127.0.0.1 - - [27/Oct/2022 09:19:18] "GET /payment_adyen/static/description/icon.png HTTP/1.1" 200 - - - -
2022-10-27 09:19:18,696 16354 INFO ? werkzeug: 127.0.0.1 - - [27/Oct/2022 09:19:18] "GET /payment_alipay/static/description/icon.png HTTP/1.1" 200 - - - -
2022-10-27 09:19:18,697 16354 INFO ? werkzeug: 127.0.0.1 - - [27/Oct/2022 09:19:18] "GET /payment_authorize/static/description/icon.png HTTP/1.1" 200 - - - -
2022-10-27 09:19:18,703 16354 INFO ? werkzeug: 127.0.0.1 - - [27/Oct/2022 09:19:18] "GET /payment_buckaroo/static/description/icon.png HTTP/1.1" 200 - - - -
2022-10-27 09:19:18,707 16354 INFO ? werkzeug: 127.0.0.1 - - [27/Oct/2022 09:19:18] "GET /payment_paypal/static/description/icon.png HTTP/1.1" 200 - - - -
2022-10-27 09:19:18,707 16354 INFO ? werkzeug: 127.0.0.1 - - [27/Oct/2022 09:19:18] "GET /payment_ingenico/static/description/icon.png HTTP/1.1" 200 - - - -
2022-10-27 09:19:18,733 16354 INFO ? werkzeug: 127.0.0.1 - - [27/Oct/2022 09:19:18] "GET /payment_payumoney/static/description/icon.png HTTP/1.1" 200 - - - -
2022-10-27 09:19:18,741 16354 INFO ? werkzeug: 127.0.0.1 - - [27/Oct/2022 09:19:18] "GET /payment_stripe/static/description/icon.png HTTP/1.1" 200 - - - -
2022-10-27 09:19:18,742 16354 INFO ? werkzeug: 127.0.0.1 - - [27/Oct/2022 09:19:18] "GET /payment_sips/static/description/icon.png HTTP/1.1" 200 - - - -
2022-10-27 09:19:39,558 16354 INFO odoo-test werkzeug: 127.0.0.1 - - [27/Oct/2022 09:19:39] "GET /web?debug=1 HTTP/1.1" 200 - 129 0.040 0.163
2022-10-27 09:19:39,583 16354 INFO odoo-test werkzeug: 127.0.0.1 - - [27/Oct/2022 09:19:39] "GET /web/webclient/load_menus/ebd73fd66c1f84ef83f23d0eff1c8a0f47bd15141f6d854ee168ea579328e763 HTTP/1.1" 200 - 1 0.000 0.006
2022-10-27 09:19:39,772 16354 INFO ? werkzeug: 127.0.0.1 - - [27/Oct/2022 09:19:39] "GET /web/static/src/xml/debug.xml?debug=1666862379767 HTTP/1.1" 200 - - - -
2022-10-27 09:19:39,782 16354 INFO ? werkzeug: 127.0.0.1 - - [27/Oct/2022 09:19:39] "GET /web/static/src/img/user_menu_avatar.png HTTP/1.1" 200 - - - -
2022-10-27 09:19:39,820 16354 INFO odoo-test werkzeug: 127.0.0.1 - - [27/Oct/2022 09:19:39] "POST /web/dataset/call_kw/ir.rule/check_access_rights HTTP/1.1" 200 - 1 0.005 0.018
2022-10-27 09:19:39,827 16354 INFO odoo-test werkzeug: 127.0.0.1 - - [27/Oct/2022 09:19:39] "POST /web/dataset/call_kw/ir.model.access/check_access_rights HTTP/1.1" 200 - 1 0.006 0.019
2022-10-27 09:19:39,832 16354 INFO odoo-test werkzeug: 127.0.0.1 - - [27/Oct/2022 09:19:39] "GET /web/image?model=res.users&field=image_128&id=2 HTTP/1.1" 304 - 10 0.024 0.026
2022-10-27 09:19:39,833 16354 INFO odoo-test werkzeug: 127.0.0.1 - - [27/Oct/2022 09:19:39] "POST /web/dataset/call_kw/ir.ui.view/check_access_rights HTTP/1.1" 200 - 2 0.001 0.010
2022-10-27 09:19:39,869 16354 INFO odoo-test werkzeug: 127.0.0.1 - - [27/Oct/2022 09:19:39] "POST /web/action/load HTTP/1.1" 200 - 16 0.006 0.020
2022-10-27 09:19:39,952 16354 INFO odoo-test werkzeug: 127.0.0.1 - - [27/Oct/2022 09:19:39] "POST /web/dataset/call_kw/ir.module.module/load_views HTTP/1.1" 200 - 36 0.017 0.057
2022-10-27 09:19:40,042 16354 INFO odoo-test werkzeug: 127.0.0.1 - - [27/Oct/2022 09:19:40] "POST /web/dataset/call_kw/ir.module.module/search_panel_select_range HTTP/1.1" 200 - 88 0.037 0.033
2022-10-27 09:19:40,063 16354 INFO odoo-test werkzeug: 127.0.0.1 - - [27/Oct/2022 09:19:40] "POST /web/dataset/search_read HTTP/1.1" 200 - 6 0.003 0.010
2022-10-27 09:20:00,543 16354 INFO odoo-test odoo.addons.base.models.ir_cron: Starting job `Base: Auto-vacuum internal data`. 
2022-10-27 09:20:00,580 16354 INFO odoo-test odoo.addons.base.models.ir_attachment: filestore gc 66 checked, 2 removed 
2022-10-27 09:20:00,618 16354 INFO odoo-test odoo.addons.base.models.res_users: GC'd 0 user log entries 
2022-10-27 09:20:00,659 16354 INFO odoo-test odoo.addons.base.models.ir_cron: Job `Base: Auto-vacuum internal data` done. 
2022-10-27 09:20:14,216 16354 INFO odoo-test werkzeug: 127.0.0.1 - - [27/Oct/2022 09:20:14] "POST /web/dataset/call_kw/ir.module.module/load_views HTTP/1.1" 200 - 30 0.012 0.058
2022-10-27 09:20:14,278 16354 INFO odoo-test werkzeug: 127.0.0.1 - - [27/Oct/2022 09:20:14] "POST /web/dataset/call_kw/ir.module.module/search_panel_select_range HTTP/1.1" 200 - 88 0.020 0.022
2022-10-27 09:20:14,298 16354 INFO odoo-test werkzeug: 127.0.0.1 - - [27/Oct/2022 09:20:14] "POST /web/dataset/search_read HTTP/1.1" 200 - 6 0.002 0.010
2022-10-27 09:20:16,917 16354 INFO odoo-test werkzeug: 127.0.0.1 - - [27/Oct/2022 09:20:16] "POST /web/dataset/search_read HTTP/1.1" 200 - 9 0.005 0.011
2022-10-27 09:20:16,958 16354 INFO odoo-test werkzeug: 127.0.0.1 - - [27/Oct/2022 09:20:16] "POST /web/dataset/call_kw/ir.module.module/search_panel_select_range HTTP/1.1" 200 - 88 0.035 0.026
2022-10-27 09:20:17,009 16354 INFO ? werkzeug: 127.0.0.1 - - [27/Oct/2022 09:20:17] "GET /l10n_ar_website_sale/static/description/icon.png HTTP/1.1" 200 - - - -
2022-10-27 09:20:19,768 16354 INFO odoo-test werkzeug: 127.0.0.1 - - [27/Oct/2022 09:20:19] "POST /web/dataset/call_kw/ir.module.module/search_panel_select_range HTTP/1.1" 200 - 88 0.028 0.023
2022-10-27 09:20:19,785 16354 INFO odoo-test werkzeug: 127.0.0.1 - - [27/Oct/2022 09:20:19] "POST /web/dataset/search_read HTTP/1.1" 200 - 6 0.004 0.006
2022-10-27 09:20:21,973 16354 INFO odoo-test odoo.addons.base.models.ir_module: ALLOW access to module.button_immediate_install on ['My Library'] to user admin #2 via 127.0.0.1 
2022-10-27 09:20:21,974 16354 INFO odoo-test odoo.addons.base.models.ir_module: User #2 triggered module installation 
2022-10-27 09:20:21,980 16354 INFO odoo-test odoo.addons.base.models.ir_module: ALLOW access to module.button_install on ['My Library'] to user admin #2 via 127.0.0.1 
2022-10-27 09:20:22,120 16354 INFO odoo-test odoo.modules.loading: loading 1 modules... 
2022-10-27 09:20:22,138 16354 INFO odoo-test odoo.modules.loading: 1 modules loaded in 0.02s, 0 queries (+0 extra) 
2022-10-27 09:20:22,246 16354 INFO odoo-test odoo.modules.loading: updating modules list 
2022-10-27 09:20:22,248 16354 INFO odoo-test odoo.addons.base.models.ir_module: ALLOW access to module.update_list on [] to user __system__ #1 via 127.0.0.1 
2022-10-27 09:20:22,980 16354 INFO odoo-test odoo.modules.loading: loading 7 modules... 
2022-10-27 09:20:22,998 16354 INFO odoo-test odoo.modules.loading: 7 modules loaded in 0.02s, 0 queries (+0 extra) 
2022-10-27 09:20:23,000 16354 INFO odoo-test odoo.modules.loading: loading 8 modules... 
2022-10-27 09:20:23,000 16354 INFO odoo-test odoo.modules.loading: Loading module my_library (2/8) 
2022-10-27 09:20:23,034 16354 CRITICAL odoo-test odoo.modules.module: Couldn't load module my_library 
2022-10-27 09:20:23,034 16354 CRITICAL odoo-test odoo.modules.module: cannot import name 'library_book_2' from partially initialized module 'odoo.addons.my_library.models' (most likely due to a circular import) (/home/trungt/odoo-dev/custom-addons/my_library/models/__init__.py) 
2022-10-27 09:20:23,035 16354 WARNING odoo-test odoo.modules.loading: Transient module states were reset 
2022-10-27 09:20:23,037 16354 ERROR odoo-test odoo.modules.registry: Failed to load registry 
2022-10-27 09:20:23,037 16354 ERROR odoo-test odoo.http: Exception during JSON request handling. 
Traceback (most recent call last):
  File "/home/trungt/odoo-dev/odoo/odoo/addons/base/models/ir_http.py", line 237, in _dispatch
    result = request.dispatch()
  File "/home/trungt/odoo-dev/odoo/odoo/http.py", line 683, in dispatch
    result = self._call_function(**self.params)
  File "/home/trungt/odoo-dev/odoo/odoo/http.py", line 359, in _call_function
    return checked_call(self.db, *args, **kwargs)
  File "/home/trungt/odoo-dev/odoo/odoo/service/model.py", line 94, in wrapper
    return f(dbname, *args, **kwargs)
  File "/home/trungt/odoo-dev/odoo/odoo/http.py", line 347, in checked_call
    result = self.endpoint(*a, **kw)
  File "/home/trungt/odoo-dev/odoo/odoo/http.py", line 912, in __call__
    return self.method(*args, **kw)
  File "/home/trungt/odoo-dev/odoo/odoo/http.py", line 531, in response_wrap
    response = f(*args, **kw)
  File "/home/trungt/odoo-dev/odoo/addons/web/controllers/main.py", line 1393, in call_button
    action = self._call_kw(model, method, args, kwargs)
  File "/home/trungt/odoo-dev/odoo/addons/web/controllers/main.py", line 1381, in _call_kw
    return call_kw(request.env[model], method, args, kwargs)
  File "/home/trungt/odoo-dev/odoo/odoo/api.py", line 399, in call_kw
    result = _call_kw_multi(method, model, args, kwargs)
  File "/home/trungt/odoo-dev/odoo/odoo/api.py", line 386, in _call_kw_multi
    result = method(recs, *args, **kwargs)
  File "<decorator-gen-67>", line 2, in button_immediate_install
  File "/home/trungt/odoo-dev/odoo/odoo/addons/base/models/ir_module.py", line 74, in check_and_log
    return method(self, *args, **kwargs)
  File "/home/trungt/odoo-dev/odoo/odoo/addons/base/models/ir_module.py", line 475, in button_immediate_install
    return self._button_immediate_function(type(self).button_install)
  File "/home/trungt/odoo-dev/odoo/odoo/addons/base/models/ir_module.py", line 593, in _button_immediate_function
    modules.registry.Registry.new(self._cr.dbname, update_module=True)
  File "/home/trungt/odoo-dev/odoo/odoo/modules/registry.py", line 89, in new
    odoo.modules.load_modules(registry._db, force_demo, status, update_module)
  File "/home/trungt/odoo-dev/odoo/odoo/modules/loading.py", line 459, in load_modules
    processed_modules += load_marked_modules(cr, graph,
  File "/home/trungt/odoo-dev/odoo/odoo/modules/loading.py", line 347, in load_marked_modules
    loaded, processed = load_module_graph(
  File "/home/trungt/odoo-dev/odoo/odoo/modules/loading.py", line 179, in load_module_graph
    load_openerp_module(package.name)
  File "/home/trungt/odoo-dev/odoo/odoo/modules/module.py", line 385, in load_openerp_module
    __import__('odoo.addons.' + module_name)
  File "/home/trungt/odoo-dev/custom-addons/my_library/__init__.py", line 4, in <module>
    from . import models
  File "/home/trungt/odoo-dev/custom-addons/my_library/models/__init__.py", line 5, in <module>
    from . import library_book_2
Exception

The above exception was the direct cause of the following exception:

Traceback (most recent call last):
  File "/home/trungt/odoo-dev/odoo/odoo/http.py", line 639, in _handle_exception
    return super(JsonRequest, self)._handle_exception(exception)
  File "/home/trungt/odoo-dev/odoo/odoo/http.py", line 315, in _handle_exception
    raise exception.with_traceback(None) from new_cause
ImportError: cannot import name 'library_book_2' from partially initialized module 'odoo.addons.my_library.models' (most likely due to a circular import) (/home/trungt/odoo-dev/custom-addons/my_library/models/__init__.py)
2022-10-27 09:20:23,043 16354 INFO odoo-test odoo.modules.loading: loading 1 modules... 
2022-10-27 09:20:23,060 16354 INFO odoo-test odoo.modules.loading: 1 modules loaded in 0.02s, 0 queries (+0 extra) 
2022-10-27 09:20:23,063 16354 INFO odoo-test odoo.modules.loading: loading 7 modules... 
2022-10-27 09:20:23,082 16354 INFO odoo-test odoo.modules.loading: 7 modules loaded in 0.02s, 0 queries (+0 extra) 
2022-10-27 09:20:23,114 16354 INFO odoo-test odoo.modules.loading: Modules loaded. 
2022-10-27 09:20:23,116 16354 INFO odoo-test werkzeug: 127.0.0.1 - - [27/Oct/2022 09:20:23] "POST /web/dataset/call_button HTTP/1.1" 200 - 998 0.179 0.993
2022-10-27 09:20:23,122 16354 INFO ? werkzeug: 127.0.0.1 - - [27/Oct/2022 09:20:23] "GET /web/static/src/xml/dialog.xml?debug=1666862423119 HTTP/1.1" 200 - - - -
2022-10-27 09:20:23,127 16354 INFO ? werkzeug: 127.0.0.1 - - [27/Oct/2022 09:20:23] "GET /web/static/src/xml/crash_manager.xml?debug=1666862423123 HTTP/1.1" 200 - - - -
2022-10-27 09:21:42,267 17394 INFO ? odoo: Odoo version 14.0 
2022-10-27 09:21:42,268 17394 INFO ? odoo: Using configuration file at /home/trungt/odoo-dev/odoo_14.cfg 
2022-10-27 09:21:42,268 17394 INFO ? odoo: addons paths: ['/home/trungt/odoo-dev/odoo/odoo/addons', '/home/trungt/odoo-dev/filestores/addons/14.0', '/home/trungt/odoo-dev/odoo/addons', '/home/trungt/odoo-dev/custom-addons', '/home/trungt/odoo-dev/odoo'] 
2022-10-27 09:21:42,268 17394 INFO ? odoo: database: trungt@localhost:5432 
2022-10-27 09:21:42,461 17394 INFO ? odoo.addons.base.models.ir_actions_report: Will use the Wkhtmltopdf binary at /usr/local/bin/wkhtmltopdf 
2022-10-27 09:21:42,603 17394 INFO ? odoo.service.server: HTTP service (werkzeug) running on localhost:8014 
2022-10-27 09:21:42,610 17394 INFO odoo-test odoo.modules.loading: loading 1 modules... 
2022-10-27 09:21:42,627 17394 INFO odoo-test odoo.modules.loading: 1 modules loaded in 0.02s, 0 queries (+0 extra) 
2022-10-27 09:21:42,740 17394 INFO odoo-test odoo.modules.loading: updating modules list 
2022-10-27 09:21:42,742 17394 INFO odoo-test odoo.addons.base.models.ir_module: ALLOW access to module.update_list on [] to user __system__ #1 via n/a 
2022-10-27 09:21:43,548 17394 WARNING odoo-test odoo.modules.loading: invalid module names, ignored:  
2022-10-27 09:21:43,564 17394 INFO odoo-test odoo.modules.loading: loading 7 modules... 
2022-10-27 09:21:43,607 17394 INFO odoo-test odoo.modules.loading: 7 modules loaded in 0.04s, 0 queries (+0 extra) 
2022-10-27 09:21:43,816 17394 INFO odoo-test odoo.modules.loading: Modules loaded. 
2022-10-27 09:21:47,351 17394 INFO ? odoo.http: HTTP Configuring static files 
2022-10-27 09:21:47,356 17394 INFO odoo-test odoo.addons.base.models.ir_http: Generating routing map for key None 
2022-10-27 09:21:48,039 17394 INFO odoo-test werkzeug: 127.0.0.1 - - [27/Oct/2022 09:21:48] "GET /web?debug=1 HTTP/1.1" 200 - 312 0.095 0.590
2022-10-27 09:21:48,079 17394 INFO odoo-test werkzeug: 127.0.0.1 - - [27/Oct/2022 09:21:48] "GET /web/content/205-3cfd167/web.assets_common.js HTTP/1.1" 304 - 2 0.005 0.018
2022-10-27 09:21:48,083 17394 INFO odoo-test werkzeug: 127.0.0.1 - - [27/Oct/2022 09:21:48] "GET /web/content/206-65e9648/web.assets_backend.js HTTP/1.1" 304 - 2 0.003 0.021
2022-10-27 09:21:48,085 17394 INFO odoo-test werkzeug: 127.0.0.1 - - [27/Oct/2022 09:21:48] "GET /web/content/207-803b2ae/web.assets_backend_prod_only.js HTTP/1.1" 304 - 2 0.001 0.015
2022-10-27 09:21:48,093 17394 INFO odoo-test werkzeug: 127.0.0.1 - - [27/Oct/2022 09:21:48] "GET /web/webclient/load_menus/ebd73fd66c1f84ef83f23d0eff1c8a0f47bd15141f6d854ee168ea579328e763 HTTP/1.1" 200 - 1 0.000 0.004
2022-10-27 09:21:48,221 17394 INFO odoo-test werkzeug: 127.0.0.1 - - [27/Oct/2022 09:21:48] "GET /web/webclient/qweb/2e7b81bbe436b652dea55a392b998f3993bf113a9de59d9428e159e32f729522?mods=base,web,auth_totp,base_import,web_editor,web_kanban_gauge,web_tour HTTP/1.1" 200 - 1 0.000 0.010
2022-10-27 09:21:48,287 17394 INFO ? werkzeug: 127.0.0.1 - - [27/Oct/2022 09:21:48] "GET /web/static/src/xml/debug.xml?debug=1666862508279 HTTP/1.1" 200 - - - -
2022-10-27 09:21:48,291 17394 INFO ? werkzeug: 127.0.0.1 - - [27/Oct/2022 09:21:48] "GET /web/static/src/img/user_menu_avatar.png HTTP/1.1" 200 - - - -
2022-10-27 09:21:48,324 17394 INFO odoo-test werkzeug: 127.0.0.1 - - [27/Oct/2022 09:21:48] "POST /web/dataset/call_kw/ir.rule/check_access_rights HTTP/1.1" 200 - 1 0.003 0.023
2022-10-27 09:21:48,337 17394 INFO odoo-test werkzeug: 127.0.0.1 - - [27/Oct/2022 09:21:48] "POST /web/dataset/call_kw/ir.model.access/check_access_rights HTTP/1.1" 200 - 1 0.011 0.022
2022-10-27 09:21:48,337 17394 INFO odoo-test werkzeug: 127.0.0.1 - - [27/Oct/2022 09:21:48] "POST /web/dataset/call_kw/ir.ui.view/check_access_rights HTTP/1.1" 200 - 2 0.006 0.021
2022-10-27 09:21:48,338 17394 INFO odoo-test werkzeug: 127.0.0.1 - - [27/Oct/2022 09:21:48] "GET /web/image?model=res.users&field=image_128&id=2 HTTP/1.1" 304 - 11 0.020 0.028
2022-10-27 09:21:48,460 17394 INFO odoo-test werkzeug: 127.0.0.1 - - [27/Oct/2022 09:21:48] "POST /web/action/load HTTP/1.1" 200 - 30 0.017 0.094
2022-10-27 09:21:48,595 17394 INFO odoo-test werkzeug: 127.0.0.1 - - [27/Oct/2022 09:21:48] "POST /web/dataset/call_kw/ir.module.module/load_views HTTP/1.1" 200 - 80 0.036 0.093
2022-10-27 09:21:48,672 17394 INFO odoo-test werkzeug: 127.0.0.1 - - [27/Oct/2022 09:21:48] "POST /web/dataset/call_kw/ir.module.module/search_panel_select_range HTTP/1.1" 200 - 90 0.033 0.027
2022-10-27 09:21:48,692 17394 INFO odoo-test werkzeug: 127.0.0.1 - - [27/Oct/2022 09:21:48] "POST /web/dataset/search_read HTTP/1.1" 200 - 6 0.004 0.010
2022-10-27 09:21:48,732 17394 INFO ? werkzeug: 127.0.0.1 - - [27/Oct/2022 09:21:48] "GET /sale_management/static/description/icon.png HTTP/1.1" 304 - - - -
2022-10-27 09:21:48,735 17394 INFO ? werkzeug: 127.0.0.1 - - [27/Oct/2022 09:21:48] "GET /account/static/description/icon.png HTTP/1.1" 304 - - - -
2022-10-27 09:21:48,738 17394 INFO ? werkzeug: 127.0.0.1 - - [27/Oct/2022 09:21:48] "GET /crm/static/description/icon.png HTTP/1.1" 304 - - - -
2022-10-27 09:21:48,741 17394 INFO ? werkzeug: 127.0.0.1 - - [27/Oct/2022 09:21:48] "GET /base/static/img/icons/mrp_workorder.png HTTP/1.1" 304 - - - -
2022-10-27 09:21:48,743 17394 INFO ? werkzeug: 127.0.0.1 - - [27/Oct/2022 09:21:48] "GET /website/static/description/icon.png HTTP/1.1" 304 - - - -
2022-10-27 09:21:48,743 17394 INFO ? werkzeug: 127.0.0.1 - - [27/Oct/2022 09:21:48] "GET /stock/static/description/icon.png HTTP/1.1" 304 - - - -
2022-10-27 09:21:48,766 17394 INFO ? werkzeug: 127.0.0.1 - - [27/Oct/2022 09:21:48] "GET /base/static/img/icons/account_accountant.png HTTP/1.1" 304 - - - -
2022-10-27 09:21:48,769 17394 INFO ? werkzeug: 127.0.0.1 - - [27/Oct/2022 09:21:48] "GET /purchase/static/description/icon.png HTTP/1.1" 304 - - - -
2022-10-27 09:21:48,771 17394 INFO ? werkzeug: 127.0.0.1 - - [27/Oct/2022 09:21:48] "GET /point_of_sale/static/description/icon.png HTTP/1.1" 304 - - - -
2022-10-27 09:21:48,774 17394 INFO ? werkzeug: 127.0.0.1 - - [27/Oct/2022 09:21:48] "GET /project/static/description/icon.png HTTP/1.1" 304 - - - -
2022-10-27 09:21:48,775 17394 INFO ? werkzeug: 127.0.0.1 - - [27/Oct/2022 09:21:48] "GET /website_sale/static/description/icon.png HTTP/1.1" 304 - - - -
2022-10-27 09:21:48,779 17394 INFO ? werkzeug: 127.0.0.1 - - [27/Oct/2022 09:21:48] "GET /mass_mailing/static/description/icon.png HTTP/1.1" 304 - - - -
2022-10-27 09:21:48,780 17394 INFO ? werkzeug: 127.0.0.1 - - [27/Oct/2022 09:21:48] "GET /mrp/static/description/icon.png HTTP/1.1" 304 - - - -
2022-10-27 09:21:48,788 17394 INFO ? werkzeug: 127.0.0.1 - - [27/Oct/2022 09:21:48] "GET /hr_recruitment/static/description/icon.png HTTP/1.1" 304 - - - -
2022-10-27 09:21:48,789 17394 INFO ? werkzeug: 127.0.0.1 - - [27/Oct/2022 09:21:48] "GET /website_slides/static/description/icon.png HTTP/1.1" 304 - - - -
2022-10-27 09:21:48,793 17394 INFO ? werkzeug: 127.0.0.1 - - [27/Oct/2022 09:21:48] "GET /base/static/img/icons/web_studio.png HTTP/1.1" 304 - - - -
2022-10-27 09:21:48,793 17394 INFO ? werkzeug: 127.0.0.1 - - [27/Oct/2022 09:21:48] "GET /mail/static/description/icon.png HTTP/1.1" 304 - - - -
2022-10-27 09:21:48,795 17394 INFO ? werkzeug: 127.0.0.1 - - [27/Oct/2022 09:21:48] "GET /base/static/img/icons/planning.png HTTP/1.1" 304 - - - -
2022-10-27 09:21:48,800 17394 INFO ? werkzeug: 127.0.0.1 - - [27/Oct/2022 09:21:48] "GET /base/static/img/icons/timesheet_grid.png HTTP/1.1" 304 - - - -
2022-10-27 09:21:48,805 17394 INFO ? werkzeug: 127.0.0.1 - - [27/Oct/2022 09:21:48] "GET /hr_expense/static/description/icon.png HTTP/1.1" 304 - - - -
2022-10-27 09:21:48,807 17394 INFO ? werkzeug: 127.0.0.1 - - [27/Oct/2022 09:21:48] "GET /hr_holidays/static/description/icon.png HTTP/1.1" 304 - - - -
2022-10-27 09:21:48,808 17394 INFO ? werkzeug: 127.0.0.1 - - [27/Oct/2022 09:21:48] "GET /base/static/img/icons/sign.png HTTP/1.1" 304 - - - -
2022-10-27 09:21:48,812 17394 INFO ? werkzeug: 127.0.0.1 - - [27/Oct/2022 09:21:48] "GET /base/static/img/icons/hr_appraisal.png HTTP/1.1" 304 - - - -
2022-10-27 09:21:48,817 17394 INFO ? werkzeug: 127.0.0.1 - - [27/Oct/2022 09:21:48] "GET /website_blog/static/description/icon.png HTTP/1.1" 304 - - - -
2022-10-27 09:21:48,818 17394 INFO ? werkzeug: 127.0.0.1 - - [27/Oct/2022 09:21:48] "GET /base/static/img/icons/marketing_automation.png HTTP/1.1" 304 - - - -
2022-10-27 09:21:48,822 17394 INFO ? werkzeug: 127.0.0.1 - - [27/Oct/2022 09:21:48] "GET /contacts/static/description/icon.png HTTP/1.1" 304 - - - -
2022-10-27 09:21:48,825 17394 INFO ? werkzeug: 127.0.0.1 - - [27/Oct/2022 09:21:48] "GET /mass_mailing_sms/static/description/icon.png HTTP/1.1" 304 - - - -
2022-10-27 09:21:48,825 17394 INFO ? werkzeug: 127.0.0.1 - - [27/Oct/2022 09:21:48] "GET /hr/static/description/icon.png HTTP/1.1" 304 - - - -
2022-10-27 09:21:48,830 17394 INFO ? werkzeug: 127.0.0.1 - - [27/Oct/2022 09:21:48] "GET /base/static/img/icons/sale_subscription.png HTTP/1.1" 304 - - - -
2022-10-27 09:21:48,831 17394 INFO ? werkzeug: 127.0.0.1 - - [27/Oct/2022 09:21:48] "GET /base/static/img/icons/web_mobile.png HTTP/1.1" 304 - - - -
2022-10-27 09:21:48,838 17394 INFO ? werkzeug: 127.0.0.1 - - [27/Oct/2022 09:21:48] "GET /base/static/img/icons/quality_control.png HTTP/1.1" 304 - - - -
2022-10-27 09:21:48,838 17394 INFO ? werkzeug: 127.0.0.1 - - [27/Oct/2022 09:21:48] "GET /note/static/description/icon.png HTTP/1.1" 304 - - - -
2022-10-27 09:21:48,839 17394 INFO ? werkzeug: 127.0.0.1 - - [27/Oct/2022 09:21:48] "GET /repair/static/description/icon.png HTTP/1.1" 304 - - - -
2022-10-27 09:21:48,844 17394 INFO ? werkzeug: 127.0.0.1 - - [27/Oct/2022 09:21:48] "GET /hr_skills/static/description/icon.png HTTP/1.1" 304 - - - -
2022-10-27 09:21:48,847 17394 INFO ? werkzeug: 127.0.0.1 - - [27/Oct/2022 09:21:48] "GET /calendar/static/description/icon.png HTTP/1.1" 304 - - - -
2022-10-27 09:21:48,850 17394 INFO ? werkzeug: 127.0.0.1 - - [27/Oct/2022 09:21:48] "GET /maintenance/static/description/icon.png HTTP/1.1" 304 - - - -
2022-10-27 09:21:48,852 17394 INFO ? werkzeug: 127.0.0.1 - - [27/Oct/2022 09:21:48] "GET /base/static/img/icons/helpdesk.png HTTP/1.1" 304 - - - -
2022-10-27 09:21:48,855 17394 INFO ? werkzeug: 127.0.0.1 - - [27/Oct/2022 09:21:48] "GET /survey/static/description/icon.png HTTP/1.1" 304 - - - -
2022-10-27 09:21:48,856 17394 INFO ? werkzeug: 127.0.0.1 - - [27/Oct/2022 09:21:48] "GET /base/static/img/icons/sale_ebay.png HTTP/1.1" 304 - - - -
2022-10-27 09:21:48,859 17394 INFO ? werkzeug: 127.0.0.1 - - [27/Oct/2022 09:21:48] "GET /payment_alipay/static/description/icon.png HTTP/1.1" 304 - - - -
2022-10-27 09:21:48,861 17394 INFO ? werkzeug: 127.0.0.1 - - [27/Oct/2022 09:21:48] "GET /payment_authorize/static/description/icon.png HTTP/1.1" 304 - - - -
2022-10-27 09:21:48,861 17394 INFO ? werkzeug: 127.0.0.1 - - [27/Oct/2022 09:21:48] "GET /payment_paypal/static/description/icon.png HTTP/1.1" 304 - - - -
2022-10-27 09:21:48,867 17394 INFO ? werkzeug: 127.0.0.1 - - [27/Oct/2022 09:21:48] "GET /base/static/img/icons/mrp_plm.png HTTP/1.1" 304 - - - -
2022-10-27 09:21:48,870 17394 INFO ? werkzeug: 127.0.0.1 - - [27/Oct/2022 09:21:48] "GET /payment_payumoney/static/description/icon.png HTTP/1.1" 304 - - - -
2022-10-27 09:21:48,873 17394 INFO ? werkzeug: 127.0.0.1 - - [27/Oct/2022 09:21:48] "GET /board/static/description/icon.png HTTP/1.1" 304 - - - -
2022-10-27 09:21:48,876 17394 INFO ? werkzeug: 127.0.0.1 - - [27/Oct/2022 09:21:48] "GET /base/static/img/icons/stock_barcode.png HTTP/1.1" 304 - - - -
2022-10-27 09:21:48,878 17394 INFO ? werkzeug: 127.0.0.1 - - [27/Oct/2022 09:21:48] "GET /website_event/static/description/icon.png HTTP/1.1" 304 - - - -
2022-10-27 09:21:48,889 17394 INFO ? werkzeug: 127.0.0.1 - - [27/Oct/2022 09:21:48] "GET /fleet/static/description/icon.png HTTP/1.1" 304 - - - -
2022-10-27 09:21:48,890 17394 INFO ? werkzeug: 127.0.0.1 - - [27/Oct/2022 09:21:48] "GET /base/static/img/icons/website_calendar.png HTTP/1.1" 304 - - - -
2022-10-27 09:21:48,892 17394 INFO ? werkzeug: 127.0.0.1 - - [27/Oct/2022 09:21:48] "GET /base/static/description/icon.png HTTP/1.1" 304 - - - -
2022-10-27 09:21:48,896 17394 INFO ? werkzeug: 127.0.0.1 - - [27/Oct/2022 09:21:48] "GET /payment_ingenico/static/description/icon.png HTTP/1.1" 304 - - - -
2022-10-27 09:21:48,897 17394 INFO ? werkzeug: 127.0.0.1 - - [27/Oct/2022 09:21:48] "GET /payment_stripe/static/description/icon.png HTTP/1.1" 304 - - - -
2022-10-27 09:21:48,903 17394 INFO ? werkzeug: 127.0.0.1 - - [27/Oct/2022 09:21:48] "GET /im_livechat/static/description/icon.png HTTP/1.1" 304 - - - -
2022-10-27 09:21:48,904 17394 INFO ? werkzeug: 127.0.0.1 - - [27/Oct/2022 09:21:48] "GET /lunch/static/description/icon.png HTTP/1.1" 304 - - - -
2022-10-27 09:21:48,904 17394 INFO ? werkzeug: 127.0.0.1 - - [27/Oct/2022 09:21:48] "GET /payment_buckaroo/static/description/icon.png HTTP/1.1" 304 - - - -
2022-10-27 09:21:48,909 17394 INFO ? werkzeug: 127.0.0.1 - - [27/Oct/2022 09:21:48] "GET /payment_sips/static/description/icon.png HTTP/1.1" 304 - - - -
2022-10-27 09:21:48,922 17394 INFO ? werkzeug: 127.0.0.1 - - [27/Oct/2022 09:21:48] "GET /hr_attendance/static/description/icon.png HTTP/1.1" 304 - - - -
2022-10-27 09:21:48,927 17394 INFO ? werkzeug: 127.0.0.1 - - [27/Oct/2022 09:21:48] "GET /website_forum/static/description/icon.png HTTP/1.1" 304 - - - -
2022-10-27 09:21:48,929 17394 INFO ? werkzeug: 127.0.0.1 - - [27/Oct/2022 09:21:48] "GET /base/static/img/icons/voip.png HTTP/1.1" 304 - - - -
2022-10-27 09:21:48,930 17394 INFO ? werkzeug: 127.0.0.1 - - [27/Oct/2022 09:21:48] "GET /website_hr_recruitment/static/description/icon.png HTTP/1.1" 304 - - - -
2022-10-27 09:21:48,931 17394 INFO ? werkzeug: 127.0.0.1 - - [27/Oct/2022 09:21:48] "GET /payment_adyen/static/description/icon.png HTTP/1.1" 304 - - - -
2022-10-27 09:21:51,528 17394 INFO odoo-test werkzeug: 127.0.0.1 - - [27/Oct/2022 09:21:51] "POST /web/dataset/search_read HTTP/1.1" 200 - 9 0.005 0.010
2022-10-27 09:21:51,568 17394 INFO odoo-test werkzeug: 127.0.0.1 - - [27/Oct/2022 09:21:51] "POST /web/dataset/call_kw/ir.module.module/search_panel_select_range HTTP/1.1" 200 - 88 0.034 0.059
2022-10-27 09:21:51,623 17394 INFO ? werkzeug: 127.0.0.1 - - [27/Oct/2022 09:21:51] "GET /l10n_ar_website_sale/static/description/icon.png HTTP/1.1" 304 - - - -
2022-10-27 09:21:55,693 17394 INFO odoo-test werkzeug: 127.0.0.1 - - [27/Oct/2022 09:21:55] "POST /web/dataset/call_kw/ir.module.module/search_panel_select_range HTTP/1.1" 200 - 88 0.033 0.025
2022-10-27 09:21:55,708 17394 INFO odoo-test werkzeug: 127.0.0.1 - - [27/Oct/2022 09:21:55] "POST /web/dataset/search_read HTTP/1.1" 200 - 6 0.003 0.005
2022-10-27 09:21:58,242 17394 INFO odoo-test odoo.addons.base.models.ir_module: ALLOW access to module.button_immediate_install on ['My Library'] to user admin #2 via 127.0.0.1 
2022-10-27 09:21:58,242 17394 INFO odoo-test odoo.addons.base.models.ir_module: User #2 triggered module installation 
2022-10-27 09:21:58,245 17394 INFO odoo-test odoo.addons.base.models.ir_module: ALLOW access to module.button_install on ['My Library'] to user admin #2 via 127.0.0.1 
2022-10-27 09:21:58,380 17394 INFO odoo-test odoo.modules.loading: loading 1 modules... 
2022-10-27 09:21:58,397 17394 INFO odoo-test odoo.modules.loading: 1 modules loaded in 0.02s, 0 queries (+0 extra) 
2022-10-27 09:21:58,504 17394 INFO odoo-test odoo.modules.loading: updating modules list 
2022-10-27 09:21:58,505 17394 INFO odoo-test odoo.addons.base.models.ir_module: ALLOW access to module.update_list on [] to user __system__ #1 via 127.0.0.1 
2022-10-27 09:21:59,240 17394 INFO odoo-test odoo.modules.loading: loading 7 modules... 
2022-10-27 09:21:59,258 17394 INFO odoo-test odoo.modules.loading: 7 modules loaded in 0.02s, 0 queries (+0 extra) 
2022-10-27 09:21:59,259 17394 INFO odoo-test odoo.modules.loading: loading 8 modules... 
2022-10-27 09:21:59,259 17394 INFO odoo-test odoo.modules.loading: Loading module my_library (2/8) 
2022-10-27 09:21:59,318 17394 INFO odoo-test odoo.modules.registry: module my_library: creating or updating database tables 
2022-10-27 09:21:59,487 17394 INFO odoo-test odoo.modules.loading: loading my_library/views/library_book.xml 
2022-10-27 09:21:59,506 17394 INFO odoo-test odoo.addons.base.models.ir_ui_view: Field "date_release_aa" does not exist in model "library.book"

View name: library.book.form
Error context:
 view: ir.ui.view(267,)
 xmlid: library_book_form_view
 view.model: library.book
 file: /home/trungt/odoo-dev/custom-addons/my_library/views/library_book.xml
 
2022-10-27 09:21:59,508 17394 WARNING odoo-test odoo.modules.loading: Transient module states were reset 
2022-10-27 09:21:59,510 17394 ERROR odoo-test odoo.modules.registry: Failed to load registry 
2022-10-27 09:21:59,510 17394 ERROR odoo-test odoo.http: Exception during JSON request handling. 
Traceback (most recent call last):
  File "/home/trungt/odoo-dev/odoo/odoo/tools/convert.py", line 677, in _tag_root
    f(rec)
  File "/home/trungt/odoo-dev/odoo/odoo/tools/convert.py", line 580, in _tag_record
    record = model._load_records([data], self.mode == 'update')
  File "/home/trungt/odoo-dev/odoo/odoo/models.py", line 4236, in _load_records
    records = self._load_records_create([data['values'] for data in to_create])
  File "/home/trungt/odoo-dev/odoo/odoo/models.py", line 4152, in _load_records_create
    return self.create(values)
  File "<decorator-gen-42>", line 2, in create
  File "/home/trungt/odoo-dev/odoo/odoo/api.py", line 348, in _model_create_multi
    return create(self, arg)
  File "/home/trungt/odoo-dev/odoo/odoo/addons/base/models/ir_ui_view.py", line 482, in create
    return super(View, self).create(vals_list)
  File "<decorator-gen-62>", line 2, in create
  File "/home/trungt/odoo-dev/odoo/odoo/api.py", line 348, in _model_create_multi
    return create(self, arg)
  File "/home/trungt/odoo-dev/odoo/odoo/addons/base/models/ir_fields.py", line 534, in create
    recs = super().create(vals_list)
  File "<decorator-gen-13>", line 2, in create
  File "/home/trungt/odoo-dev/odoo/odoo/api.py", line 348, in _model_create_multi
    return create(self, arg)
  File "/home/trungt/odoo-dev/odoo/odoo/models.py", line 3909, in create
    fields[0].determine_inverse(batch_recs)
  File "/home/trungt/odoo-dev/odoo/odoo/fields.py", line 1187, in determine_inverse
    getattr(records, self.inverse)()
  File "/home/trungt/odoo-dev/odoo/odoo/addons/base/models/ir_ui_view.py", line 300, in _inverse_arch
    view.write(data)
  File "/home/trungt/odoo-dev/odoo/odoo/addons/base/models/ir_ui_view.py", line 500, in write
    res = super(View, self).write(self._compute_defaults(vals))
  File "/home/trungt/odoo-dev/odoo/odoo/models.py", line 3693, in write
    real_recs._validate_fields(vals, inverse_fields)
  File "/home/trungt/odoo-dev/odoo/odoo/models.py", line 1266, in _validate_fields
    check(self)
  File "/home/trungt/odoo-dev/odoo/odoo/addons/base/models/ir_ui_view.py", line 408, in _check_xml
    raise ValidationError(_(
  File "/home/trungt/odoo-dev/odoo/odoo/addons/base/models/ir_ui_view.py", line 391, in _check_xml
    view.postprocess_and_fields(view_doc, validate=True)
  File "/home/trungt/odoo-dev/odoo/odoo/addons/base/models/ir_ui_view.py", line 850, in postprocess_and_fields
    arch, name_manager = self._postprocess_view(node, model, validate=validate)
  File "/home/trungt/odoo-dev/odoo/odoo/addons/base/models/ir_ui_view.py", line 862, in _postprocess_view
    self.postprocess(node, [], editable, name_manager)
  File "/home/trungt/odoo-dev/odoo/odoo/addons/base/models/ir_ui_view.py", line 962, in postprocess
    self.postprocess(child, current_node_path, node_info['editable'], name_manager)
  File "/home/trungt/odoo-dev/odoo/odoo/addons/base/models/ir_ui_view.py", line 962, in postprocess
    self.postprocess(child, current_node_path, node_info['editable'], name_manager)
  File "/home/trungt/odoo-dev/odoo/odoo/addons/base/models/ir_ui_view.py", line 962, in postprocess
    self.postprocess(child, current_node_path, node_info['editable'], name_manager)
  File "/home/trungt/odoo-dev/odoo/odoo/addons/base/models/ir_ui_view.py", line 953, in postprocess
    validator(node, name_manager, node_info)
  File "/home/trungt/odoo-dev/odoo/odoo/addons/base/models/ir_ui_view.py", line 1089, in _validate_tag_field
    self.handle_view_error(msg)
  File "/home/trungt/odoo-dev/odoo/odoo/addons/base/models/ir_ui_view.py", line 673, in handle_view_error
    raise ValueError(formatted_message).with_traceback(from_traceback) from from_exception
odoo.exceptions.ValidationError: Error while validating view:

Field "date_release_aa" does not exist in model "library.book"

View name: library.book.form
Error context:
 view: ir.ui.view(267,)
 xmlid: library_book_form_view
 view.model: library.book
 file: /home/trungt/odoo-dev/custom-addons/my_library/views/library_book.xml


The above exception was the direct cause of the following exception:

Traceback (most recent call last):
  File "/home/trungt/odoo-dev/odoo/odoo/addons/base/models/ir_http.py", line 237, in _dispatch
    result = request.dispatch()
  File "/home/trungt/odoo-dev/odoo/odoo/http.py", line 683, in dispatch
    result = self._call_function(**self.params)
  File "/home/trungt/odoo-dev/odoo/odoo/http.py", line 359, in _call_function
    return checked_call(self.db, *args, **kwargs)
  File "/home/trungt/odoo-dev/odoo/odoo/service/model.py", line 94, in wrapper
    return f(dbname, *args, **kwargs)
  File "/home/trungt/odoo-dev/odoo/odoo/http.py", line 347, in checked_call
    result = self.endpoint(*a, **kw)
  File "/home/trungt/odoo-dev/odoo/odoo/http.py", line 912, in __call__
    return self.method(*args, **kw)
  File "/home/trungt/odoo-dev/odoo/odoo/http.py", line 531, in response_wrap
    response = f(*args, **kw)
  File "/home/trungt/odoo-dev/odoo/addons/web/controllers/main.py", line 1393, in call_button
    action = self._call_kw(model, method, args, kwargs)
  File "/home/trungt/odoo-dev/odoo/addons/web/controllers/main.py", line 1381, in _call_kw
    return call_kw(request.env[model], method, args, kwargs)
  File "/home/trungt/odoo-dev/odoo/odoo/api.py", line 399, in call_kw
    result = _call_kw_multi(method, model, args, kwargs)
  File "/home/trungt/odoo-dev/odoo/odoo/api.py", line 386, in _call_kw_multi
    result = method(recs, *args, **kwargs)
  File "<decorator-gen-67>", line 2, in button_immediate_install
  File "/home/trungt/odoo-dev/odoo/odoo/addons/base/models/ir_module.py", line 74, in check_and_log
    return method(self, *args, **kwargs)
  File "/home/trungt/odoo-dev/odoo/odoo/addons/base/models/ir_module.py", line 475, in button_immediate_install
    return self._button_immediate_function(type(self).button_install)
  File "/home/trungt/odoo-dev/odoo/odoo/addons/base/models/ir_module.py", line 593, in _button_immediate_function
    modules.registry.Registry.new(self._cr.dbname, update_module=True)
  File "/home/trungt/odoo-dev/odoo/odoo/modules/registry.py", line 89, in new
    odoo.modules.load_modules(registry._db, force_demo, status, update_module)
  File "/home/trungt/odoo-dev/odoo/odoo/modules/loading.py", line 459, in load_modules
    processed_modules += load_marked_modules(cr, graph,
  File "/home/trungt/odoo-dev/odoo/odoo/modules/loading.py", line 347, in load_marked_modules
    loaded, processed = load_module_graph(
  File "/home/trungt/odoo-dev/odoo/odoo/modules/loading.py", line 222, in load_module_graph
    load_data(cr, idref, mode, kind='data', package=package)
  File "/home/trungt/odoo-dev/odoo/odoo/modules/loading.py", line 69, in load_data
    tools.convert_file(cr, package.name, filename, idref, mode, noupdate, kind)
  File "/home/trungt/odoo-dev/odoo/odoo/tools/convert.py", line 733, in convert_file
    convert_xml_import(cr, module, fp, idref, mode, noupdate)
  File "/home/trungt/odoo-dev/odoo/odoo/tools/convert.py", line 799, in convert_xml_import
    obj.parse(doc.getroot())
  File "/home/trungt/odoo-dev/odoo/odoo/tools/convert.py", line 719, in parse
    self._tag_root(de)
  File "/home/trungt/odoo-dev/odoo/odoo/tools/convert.py", line 681, in _tag_root
    raise ParseError('while parsing %s:%s, near\n%s' % (
Exception

The above exception was the direct cause of the following exception:

Traceback (most recent call last):
  File "/home/trungt/odoo-dev/odoo/odoo/http.py", line 639, in _handle_exception
    return super(JsonRequest, self)._handle_exception(exception)
  File "/home/trungt/odoo-dev/odoo/odoo/http.py", line 315, in _handle_exception
    raise exception.with_traceback(None) from new_cause
odoo.tools.convert.ParseError: while parsing /home/trungt/odoo-dev/custom-addons/my_library/views/library_book.xml:10, near
<record id="library_book_form_view" model="ir.ui.view">
            <field name="name">library.book.form</field>
            <field name="model">library.book</field>
            <field name="arch" type="xml">
                <form>
                    <group>
                    <group>
                    <field name="name"/>
                    <field name="author_ids" widget="many2many_tags"/>
                    </group>
                    <group>
                    <field name="date_release_aa"/>
                    <field name="date_release"/>
                    </group>
                    </group>
                </form>
            </field>

        </record>
2022-10-27 09:21:59,518 17394 INFO odoo-test odoo.modules.loading: loading 1 modules... 
2022-10-27 09:21:59,534 17394 INFO odoo-test odoo.modules.loading: 1 modules loaded in 0.02s, 0 queries (+0 extra) 
2022-10-27 09:21:59,538 17394 INFO odoo-test odoo.modules.loading: loading 7 modules... 
2022-10-27 09:21:59,556 17394 INFO odoo-test odoo.modules.loading: 7 modules loaded in 0.02s, 0 queries (+0 extra) 
2022-10-27 09:21:59,586 17394 INFO odoo-test odoo.modules.loading: Modules loaded. 
2022-10-27 09:21:59,588 17394 INFO odoo-test werkzeug: 127.0.0.1 - - [27/Oct/2022 09:21:59] "POST /web/dataset/call_button HTTP/1.1" 200 - 1056 0.208 1.153
2022-10-27 09:21:59,594 17394 INFO ? werkzeug: 127.0.0.1 - - [27/Oct/2022 09:21:59] "GET /web/static/src/xml/dialog.xml?debug=1666862519591 HTTP/1.1" 200 - - - -
2022-10-27 09:21:59,599 17394 INFO ? werkzeug: 127.0.0.1 - - [27/Oct/2022 09:21:59] "GET /web/static/src/xml/crash_manager.xml?debug=1666862519596 HTTP/1.1" 200 - - - -
2022-10-27 09:23:43,541 18252 INFO ? odoo: Odoo version 14.0 
2022-10-27 09:23:43,542 18252 INFO ? odoo: Using configuration file at /home/trungt/odoo-dev/odoo_14.cfg 
2022-10-27 09:23:43,542 18252 INFO ? odoo: addons paths: ['/home/trungt/odoo-dev/odoo/odoo/addons', '/home/trungt/odoo-dev/filestores/addons/14.0', '/home/trungt/odoo-dev/odoo/addons', '/home/trungt/odoo-dev/custom-addons', '/home/trungt/odoo-dev/odoo'] 
2022-10-27 09:23:43,542 18252 INFO ? odoo: database: trungt@localhost:5432 
2022-10-27 09:23:43,741 18252 INFO ? odoo.addons.base.models.ir_actions_report: Will use the Wkhtmltopdf binary at /usr/local/bin/wkhtmltopdf 
2022-10-27 09:23:43,896 18252 INFO ? odoo.service.server: HTTP service (werkzeug) running on localhost:8014 
2022-10-27 09:23:43,904 18252 INFO odoo-test odoo.modules.loading: loading 1 modules... 
2022-10-27 09:23:43,922 18252 INFO odoo-test odoo.modules.loading: 1 modules loaded in 0.02s, 0 queries (+0 extra) 
2022-10-27 09:23:44,044 18252 INFO odoo-test odoo.modules.loading: updating modules list 
2022-10-27 09:23:44,046 18252 INFO odoo-test odoo.addons.base.models.ir_module: ALLOW access to module.update_list on [] to user __system__ #1 via n/a 
2022-10-27 09:23:44,798 18252 WARNING odoo-test odoo.modules.loading: invalid module names, ignored:  
2022-10-27 09:23:44,817 18252 INFO odoo-test odoo.modules.loading: loading 7 modules... 
2022-10-27 09:23:44,862 18252 INFO odoo-test odoo.modules.loading: 7 modules loaded in 0.04s, 0 queries (+0 extra) 
2022-10-27 09:23:45,074 18252 INFO odoo-test odoo.modules.loading: Modules loaded. 
2022-10-27 09:23:45,872 18252 INFO ? odoo.http: HTTP Configuring static files 
2022-10-27 09:23:45,877 18252 INFO odoo-test odoo.addons.base.models.ir_http: Generating routing map for key None 
2022-10-27 09:23:46,523 18252 INFO odoo-test werkzeug: 127.0.0.1 - - [27/Oct/2022 09:23:46] "GET /web?debug=1 HTTP/1.1" 200 - 312 0.086 0.563
2022-10-27 09:23:46,564 18252 INFO odoo-test werkzeug: 127.0.0.1 - - [27/Oct/2022 09:23:46] "GET /web/content/205-3cfd167/web.assets_common.js HTTP/1.1" 304 - 2 0.009 0.019
2022-10-27 09:23:46,568 18252 INFO odoo-test werkzeug: 127.0.0.1 - - [27/Oct/2022 09:23:46] "GET /web/content/206-65e9648/web.assets_backend.js HTTP/1.1" 304 - 2 0.002 0.027
2022-10-27 09:23:46,568 18252 INFO odoo-test werkzeug: 127.0.0.1 - - [27/Oct/2022 09:23:46] "GET /web/content/207-803b2ae/web.assets_backend_prod_only.js HTTP/1.1" 304 - 2 0.005 0.023
2022-10-27 09:23:46,576 18252 INFO odoo-test werkzeug: 127.0.0.1 - - [27/Oct/2022 09:23:46] "GET /web/webclient/load_menus/ebd73fd66c1f84ef83f23d0eff1c8a0f47bd15141f6d854ee168ea579328e763 HTTP/1.1" 200 - 1 0.000 0.006
2022-10-27 09:23:46,700 18252 INFO odoo-test werkzeug: 127.0.0.1 - - [27/Oct/2022 09:23:46] "GET /web/webclient/qweb/2e7b81bbe436b652dea55a392b998f3993bf113a9de59d9428e159e32f729522?mods=base,web,auth_totp,base_import,web_editor,web_kanban_gauge,web_tour HTTP/1.1" 200 - 1 0.000 0.010
2022-10-27 09:23:46,757 18252 INFO ? werkzeug: 127.0.0.1 - - [27/Oct/2022 09:23:46] "GET /web/static/src/xml/debug.xml?debug=1666862626754 HTTP/1.1" 200 - - - -
2022-10-27 09:23:46,766 18252 INFO ? werkzeug: 127.0.0.1 - - [27/Oct/2022 09:23:46] "GET /web/static/src/img/user_menu_avatar.png HTTP/1.1" 200 - - - -
2022-10-27 09:23:46,822 18252 INFO odoo-test werkzeug: 127.0.0.1 - - [27/Oct/2022 09:23:46] "POST /web/dataset/call_kw/ir.rule/check_access_rights HTTP/1.1" 200 - 1 0.001 0.045
2022-10-27 09:23:46,827 18252 INFO odoo-test werkzeug: 127.0.0.1 - - [27/Oct/2022 09:23:46] "POST /web/dataset/call_kw/ir.model.access/check_access_rights HTTP/1.1" 200 - 1 0.005 0.040
2022-10-27 09:23:46,828 18252 INFO odoo-test werkzeug: 127.0.0.1 - - [27/Oct/2022 09:23:46] "GET /web/image?model=res.users&field=image_128&id=2 HTTP/1.1" 304 - 11 0.019 0.042
2022-10-27 09:23:46,834 18252 INFO odoo-test werkzeug: 127.0.0.1 - - [27/Oct/2022 09:23:46] "POST /web/dataset/call_kw/ir.ui.view/check_access_rights HTTP/1.1" 200 - 2 0.008 0.039
2022-10-27 09:23:46,956 18252 INFO odoo-test werkzeug: 127.0.0.1 - - [27/Oct/2022 09:23:46] "POST /web/action/load HTTP/1.1" 200 - 30 0.020 0.096
2022-10-27 09:23:47,102 18252 INFO odoo-test werkzeug: 127.0.0.1 - - [27/Oct/2022 09:23:47] "POST /web/dataset/call_kw/ir.module.module/load_views HTTP/1.1" 200 - 80 0.043 0.092
2022-10-27 09:23:47,174 18252 INFO odoo-test werkzeug: 127.0.0.1 - - [27/Oct/2022 09:23:47] "POST /web/dataset/call_kw/ir.module.module/search_panel_select_range HTTP/1.1" 200 - 90 0.031 0.026
2022-10-27 09:23:47,192 18252 INFO odoo-test werkzeug: 127.0.0.1 - - [27/Oct/2022 09:23:47] "POST /web/dataset/search_read HTTP/1.1" 200 - 6 0.002 0.010
2022-10-27 09:23:47,229 18252 INFO ? werkzeug: 127.0.0.1 - - [27/Oct/2022 09:23:47] "GET /sale_management/static/description/icon.png HTTP/1.1" 304 - - - -
2022-10-27 09:23:47,234 18252 INFO ? werkzeug: 127.0.0.1 - - [27/Oct/2022 09:23:47] "GET /account/static/description/icon.png HTTP/1.1" 304 - - - -
2022-10-27 09:23:47,235 18252 INFO ? werkzeug: 127.0.0.1 - - [27/Oct/2022 09:23:47] "GET /base/static/img/icons/mrp_workorder.png HTTP/1.1" 304 - - - -
2022-10-27 09:23:47,236 18252 INFO ? werkzeug: 127.0.0.1 - - [27/Oct/2022 09:23:47] "GET /crm/static/description/icon.png HTTP/1.1" 304 - - - -
2022-10-27 09:23:47,240 18252 INFO ? werkzeug: 127.0.0.1 - - [27/Oct/2022 09:23:47] "GET /website/static/description/icon.png HTTP/1.1" 304 - - - -
2022-10-27 09:23:47,243 18252 INFO ? werkzeug: 127.0.0.1 - - [27/Oct/2022 09:23:47] "GET /stock/static/description/icon.png HTTP/1.1" 304 - - - -
2022-10-27 09:23:47,245 18252 INFO ? werkzeug: 127.0.0.1 - - [27/Oct/2022 09:23:47] "GET /base/static/img/icons/account_accountant.png HTTP/1.1" 304 - - - -
2022-10-27 09:23:47,249 18252 INFO ? werkzeug: 127.0.0.1 - - [27/Oct/2022 09:23:47] "GET /purchase/static/description/icon.png HTTP/1.1" 304 - - - -
2022-10-27 09:23:47,252 18252 INFO ? werkzeug: 127.0.0.1 - - [27/Oct/2022 09:23:47] "GET /point_of_sale/static/description/icon.png HTTP/1.1" 304 - - - -
2022-10-27 09:23:47,254 18252 INFO ? werkzeug: 127.0.0.1 - - [27/Oct/2022 09:23:47] "GET /website_sale/static/description/icon.png HTTP/1.1" 304 - - - -
2022-10-27 09:23:47,255 18252 INFO ? werkzeug: 127.0.0.1 - - [27/Oct/2022 09:23:47] "GET /project/static/description/icon.png HTTP/1.1" 304 - - - -
2022-10-27 09:23:47,262 18252 INFO ? werkzeug: 127.0.0.1 - - [27/Oct/2022 09:23:47] "GET /mrp/static/description/icon.png HTTP/1.1" 304 - - - -
2022-10-27 09:23:47,266 18252 INFO ? werkzeug: 127.0.0.1 - - [27/Oct/2022 09:23:47] "GET /mass_mailing/static/description/icon.png HTTP/1.1" 304 - - - -
2022-10-27 09:23:47,268 18252 INFO ? werkzeug: 127.0.0.1 - - [27/Oct/2022 09:23:47] "GET /base/static/img/icons/timesheet_grid.png HTTP/1.1" 304 - - - -
2022-10-27 09:23:47,269 18252 INFO ? werkzeug: 127.0.0.1 - - [27/Oct/2022 09:23:47] "GET /hr_expense/static/description/icon.png HTTP/1.1" 304 - - - -
2022-10-27 09:23:47,272 18252 INFO ? werkzeug: 127.0.0.1 - - [27/Oct/2022 09:23:47] "GET /base/static/img/icons/web_studio.png HTTP/1.1" 304 - - - -
2022-10-27 09:23:47,273 18252 INFO ? werkzeug: 127.0.0.1 - - [27/Oct/2022 09:23:47] "GET /hr_holidays/static/description/icon.png HTTP/1.1" 304 - - - -
2022-10-27 09:23:47,281 18252 INFO ? werkzeug: 127.0.0.1 - - [27/Oct/2022 09:23:47] "GET /hr/static/description/icon.png HTTP/1.1" 304 - - - -
2022-10-27 09:23:47,282 18252 INFO ? werkzeug: 127.0.0.1 - - [27/Oct/2022 09:23:47] "GET /hr_recruitment/static/description/icon.png HTTP/1.1" 304 - - - -
2022-10-27 09:23:47,284 18252 INFO ? werkzeug: 127.0.0.1 - - [27/Oct/2022 09:23:47] "GET /maintenance/static/description/icon.png HTTP/1.1" 304 - - - -
2022-10-27 09:23:47,286 18252 INFO ? werkzeug: 127.0.0.1 - - [27/Oct/2022 09:23:47] "GET /base/static/img/icons/sign.png HTTP/1.1" 304 - - - -
2022-10-27 09:23:47,288 18252 INFO ? werkzeug: 127.0.0.1 - - [27/Oct/2022 09:23:47] "GET /base/static/img/icons/helpdesk.png HTTP/1.1" 304 - - - -
2022-10-27 09:23:47,292 18252 INFO ? werkzeug: 127.0.0.1 - - [27/Oct/2022 09:23:47] "GET /base/static/img/icons/sale_subscription.png HTTP/1.1" 304 - - - -
2022-10-27 09:23:47,295 18252 INFO ? werkzeug: 127.0.0.1 - - [27/Oct/2022 09:23:47] "GET /base/static/img/icons/quality_control.png HTTP/1.1" 304 - - - -
2022-10-27 09:23:47,299 18252 INFO ? werkzeug: 127.0.0.1 - - [27/Oct/2022 09:23:47] "GET /website_slides/static/description/icon.png HTTP/1.1" 304 - - - -
2022-10-27 09:23:47,302 18252 INFO ? werkzeug: 127.0.0.1 - - [27/Oct/2022 09:23:47] "GET /base/static/img/icons/planning.png HTTP/1.1" 304 - - - -
2022-10-27 09:23:47,304 18252 INFO ? werkzeug: 127.0.0.1 - - [27/Oct/2022 09:23:47] "GET /website_event/static/description/icon.png HTTP/1.1" 304 - - - -
2022-10-27 09:23:47,311 18252 INFO ? werkzeug: 127.0.0.1 - - [27/Oct/2022 09:23:47] "GET /mail/static/description/icon.png HTTP/1.1" 304 - - - -
2022-10-27 09:23:47,312 18252 INFO ? werkzeug: 127.0.0.1 - - [27/Oct/2022 09:23:47] "GET /base/static/img/icons/mrp_plm.png HTTP/1.1" 304 - - - -
2022-10-27 09:23:47,315 18252 INFO ? werkzeug: 127.0.0.1 - - [27/Oct/2022 09:23:47] "GET /contacts/static/description/icon.png HTTP/1.1" 304 - - - -
2022-10-27 09:23:47,317 18252 INFO ? werkzeug: 127.0.0.1 - - [27/Oct/2022 09:23:47] "GET /calendar/static/description/icon.png HTTP/1.1" 304 - - - -
2022-10-27 09:23:47,317 18252 INFO ? werkzeug: 127.0.0.1 - - [27/Oct/2022 09:23:47] "GET /base/static/img/icons/hr_appraisal.png HTTP/1.1" 304 - - - -
2022-10-27 09:23:47,322 18252 INFO ? werkzeug: 127.0.0.1 - - [27/Oct/2022 09:23:47] "GET /fleet/static/description/icon.png HTTP/1.1" 304 - - - -
2022-10-27 09:23:47,326 18252 INFO ? werkzeug: 127.0.0.1 - - [27/Oct/2022 09:23:47] "GET /website_blog/static/description/icon.png HTTP/1.1" 304 - - - -
2022-10-27 09:23:47,326 18252 INFO ? werkzeug: 127.0.0.1 - - [27/Oct/2022 09:23:47] "GET /base/static/img/icons/marketing_automation.png HTTP/1.1" 304 - - - -
2022-10-27 09:23:47,327 18252 INFO ? werkzeug: 127.0.0.1 - - [27/Oct/2022 09:23:47] "GET /im_livechat/static/description/icon.png HTTP/1.1" 304 - - - -
2022-10-27 09:23:47,333 18252 INFO ? werkzeug: 127.0.0.1 - - [27/Oct/2022 09:23:47] "GET /base/static/img/icons/website_calendar.png HTTP/1.1" 304 - - - -
2022-10-27 09:23:47,335 18252 INFO ? werkzeug: 127.0.0.1 - - [27/Oct/2022 09:23:47] "GET /survey/static/description/icon.png HTTP/1.1" 304 - - - -
2022-10-27 09:23:47,338 18252 INFO ? werkzeug: 127.0.0.1 - - [27/Oct/2022 09:23:47] "GET /base/static/img/icons/web_mobile.png HTTP/1.1" 304 - - - -
2022-10-27 09:23:47,345 18252 INFO ? werkzeug: 127.0.0.1 - - [27/Oct/2022 09:23:47] "GET /repair/static/description/icon.png HTTP/1.1" 304 - - - -
2022-10-27 09:23:47,346 18252 INFO ? werkzeug: 127.0.0.1 - - [27/Oct/2022 09:23:47] "GET /board/static/description/icon.png HTTP/1.1" 304 - - - -
2022-10-27 09:23:47,351 18252 INFO ? werkzeug: 127.0.0.1 - - [27/Oct/2022 09:23:47] "GET /hr_attendance/static/description/icon.png HTTP/1.1" 304 - - - -
2022-10-27 09:23:47,355 18252 INFO ? werkzeug: 127.0.0.1 - - [27/Oct/2022 09:23:47] "GET /mass_mailing_sms/static/description/icon.png HTTP/1.1" 304 - - - -
2022-10-27 09:23:47,355 18252 INFO ? werkzeug: 127.0.0.1 - - [27/Oct/2022 09:23:47] "GET /base/static/img/icons/stock_barcode.png HTTP/1.1" 304 - - - -
2022-10-27 09:23:47,367 18252 INFO ? werkzeug: 127.0.0.1 - - [27/Oct/2022 09:23:47] "GET /note/static/description/icon.png HTTP/1.1" 304 - - - -
2022-10-27 09:23:47,368 18252 INFO ? werkzeug: 127.0.0.1 - - [27/Oct/2022 09:23:47] "GET /website_forum/static/description/icon.png HTTP/1.1" 304 - - - -
2022-10-27 09:23:47,382 18252 INFO ? werkzeug: 127.0.0.1 - - [27/Oct/2022 09:23:47] "GET /hr_skills/static/description/icon.png HTTP/1.1" 304 - - - -
2022-10-27 09:23:47,382 18252 INFO ? werkzeug: 127.0.0.1 - - [27/Oct/2022 09:23:47] "GET /base/static/img/icons/voip.png HTTP/1.1" 304 - - - -
2022-10-27 09:23:47,386 18252 INFO ? werkzeug: 127.0.0.1 - - [27/Oct/2022 09:23:47] "GET /lunch/static/description/icon.png HTTP/1.1" 304 - - - -
2022-10-27 09:23:47,392 18252 INFO ? werkzeug: 127.0.0.1 - - [27/Oct/2022 09:23:47] "GET /website_hr_recruitment/static/description/icon.png HTTP/1.1" 304 - - - -
2022-10-27 09:23:47,395 18252 INFO ? werkzeug: 127.0.0.1 - - [27/Oct/2022 09:23:47] "GET /base/static/img/icons/sale_ebay.png HTTP/1.1" 304 - - - -
2022-10-27 09:23:47,400 18252 INFO ? werkzeug: 127.0.0.1 - - [27/Oct/2022 09:23:47] "GET /payment_adyen/static/description/icon.png HTTP/1.1" 304 - - - -
2022-10-27 09:23:47,402 18252 INFO ? werkzeug: 127.0.0.1 - - [27/Oct/2022 09:23:47] "GET /payment_alipay/static/description/icon.png HTTP/1.1" 304 - - - -
2022-10-27 09:23:47,403 18252 INFO ? werkzeug: 127.0.0.1 - - [27/Oct/2022 09:23:47] "GET /payment_authorize/static/description/icon.png HTTP/1.1" 304 - - - -
2022-10-27 09:23:47,408 18252 INFO ? werkzeug: 127.0.0.1 - - [27/Oct/2022 09:23:47] "GET /payment_buckaroo/static/description/icon.png HTTP/1.1" 304 - - - -
2022-10-27 09:23:47,411 18252 INFO ? werkzeug: 127.0.0.1 - - [27/Oct/2022 09:23:47] "GET /payment_ingenico/static/description/icon.png HTTP/1.1" 304 - - - -
2022-10-27 09:23:47,414 18252 INFO ? werkzeug: 127.0.0.1 - - [27/Oct/2022 09:23:47] "GET /payment_paypal/static/description/icon.png HTTP/1.1" 304 - - - -
2022-10-27 09:23:47,420 18252 INFO ? werkzeug: 127.0.0.1 - - [27/Oct/2022 09:23:47] "GET /payment_payumoney/static/description/icon.png HTTP/1.1" 304 - - - -
2022-10-27 09:23:47,427 18252 INFO ? werkzeug: 127.0.0.1 - - [27/Oct/2022 09:23:47] "GET /payment_stripe/static/description/icon.png HTTP/1.1" 304 - - - -
2022-10-27 09:23:47,432 18252 INFO ? werkzeug: 127.0.0.1 - - [27/Oct/2022 09:23:47] "GET /payment_sips/static/description/icon.png HTTP/1.1" 304 - - - -
2022-10-27 09:23:47,433 18252 INFO ? werkzeug: 127.0.0.1 - - [27/Oct/2022 09:23:47] "GET /base/static/description/icon.png HTTP/1.1" 304 - - - -
2022-10-27 09:23:49,629 18252 INFO odoo-test werkzeug: 127.0.0.1 - - [27/Oct/2022 09:23:49] "POST /web/dataset/search_read HTTP/1.1" 200 - 9 0.007 0.013
2022-10-27 09:23:49,669 18252 INFO odoo-test werkzeug: 127.0.0.1 - - [27/Oct/2022 09:23:49] "POST /web/dataset/call_kw/ir.module.module/search_panel_select_range HTTP/1.1" 200 - 88 0.035 0.027
2022-10-27 09:23:49,731 18252 INFO ? werkzeug: 127.0.0.1 - - [27/Oct/2022 09:23:49] "GET /l10n_ar_website_sale/static/description/icon.png HTTP/1.1" 304 - - - -
2022-10-27 09:23:53,155 18252 INFO odoo-test werkzeug: 127.0.0.1 - - [27/Oct/2022 09:23:53] "POST /web/dataset/call_kw/ir.module.module/search_panel_select_range HTTP/1.1" 200 - 88 0.027 0.023
2022-10-27 09:23:53,171 18252 INFO odoo-test werkzeug: 127.0.0.1 - - [27/Oct/2022 09:23:53] "POST /web/dataset/search_read HTTP/1.1" 200 - 6 0.003 0.005
2022-10-27 09:23:54,851 18252 INFO odoo-test odoo.addons.base.models.ir_module: ALLOW access to module.button_immediate_install on ['My Library'] to user admin #2 via 127.0.0.1 
2022-10-27 09:23:54,851 18252 INFO odoo-test odoo.addons.base.models.ir_module: User #2 triggered module installation 
2022-10-27 09:23:54,856 18252 INFO odoo-test odoo.addons.base.models.ir_module: ALLOW access to module.button_install on ['My Library'] to user admin #2 via 127.0.0.1 
2022-10-27 09:23:55,037 18252 INFO odoo-test odoo.modules.loading: loading 1 modules... 
2022-10-27 09:23:55,054 18252 INFO odoo-test odoo.modules.loading: 1 modules loaded in 0.02s, 0 queries (+0 extra) 
2022-10-27 09:23:55,163 18252 INFO odoo-test odoo.modules.loading: updating modules list 
2022-10-27 09:23:55,164 18252 INFO odoo-test odoo.addons.base.models.ir_module: ALLOW access to module.update_list on [] to user __system__ #1 via 127.0.0.1 
2022-10-27 09:23:55,895 18252 INFO odoo-test odoo.modules.loading: loading 7 modules... 
2022-10-27 09:23:55,913 18252 INFO odoo-test odoo.modules.loading: 7 modules loaded in 0.02s, 0 queries (+0 extra) 
2022-10-27 09:23:55,914 18252 INFO odoo-test odoo.modules.loading: loading 8 modules... 
2022-10-27 09:23:55,914 18252 INFO odoo-test odoo.modules.loading: Loading module my_library (2/8) 
2022-10-27 09:23:55,972 18252 INFO odoo-test odoo.modules.registry: module my_library: creating or updating database tables 
2022-10-27 09:23:56,157 18252 INFO odoo-test odoo.modules.loading: loading my_library/views/library_book.xml 
2022-10-27 09:23:56,183 18252 INFO odoo-test odoo.modules.loading: Module my_library: loading demo 
2022-10-27 09:23:56,198 18252 INFO odoo-test odoo.modules.loading: Module my_library loaded in 0.28s, 93 queries 
2022-10-27 09:23:56,198 18252 INFO odoo-test odoo.modules.loading: 8 modules loaded in 0.28s, 93 queries (+0 extra) 
2022-10-27 09:23:56,224 18252 WARNING odoo-test odoo.modules.loading: The model library.book has no access rules, consider adding one. E.g. access_library_book,access_library_book,model_library_book,base.group_user,1,0,0,0 
2022-10-27 09:23:56,332 18252 INFO odoo-test odoo.modules.loading: Modules loaded. 
2022-10-27 09:23:56,335 18252 INFO odoo-test odoo.addons.base.models.ir_module: getting next ir.actions.todo() 
2022-10-27 09:23:56,338 18252 INFO odoo-test odoo.modules.registry: Registry changed, signaling through the database 
2022-10-27 09:23:56,339 18252 INFO odoo-test werkzeug: 127.0.0.1 - - [27/Oct/2022 09:23:56] "POST /web/dataset/call_button HTTP/1.1" 200 - 1372 0.330 1.175
2022-10-27 09:23:56,353 18252 INFO odoo-test odoo.addons.base.models.ir_http: Generating routing map for key None 
2022-10-27 09:23:56,988 18252 INFO odoo-test werkzeug: 127.0.0.1 - - [27/Oct/2022 09:23:56] "GET /web HTTP/1.1" 200 - 315 0.102 0.535
2022-10-27 09:23:57,023 18252 INFO odoo-test werkzeug: 127.0.0.1 - - [27/Oct/2022 09:23:57] "GET /web/content/205-3cfd167/web.assets_common.js HTTP/1.1" 304 - 2 0.003 0.018
2022-10-27 09:23:57,031 18252 INFO odoo-test werkzeug: 127.0.0.1 - - [27/Oct/2022 09:23:57] "GET /web/content/206-65e9648/web.assets_backend.js HTTP/1.1" 304 - 2 0.009 0.018
2022-10-27 09:23:57,036 18252 INFO odoo-test werkzeug: 127.0.0.1 - - [27/Oct/2022 09:23:57] "GET /web/content/207-803b2ae/web.assets_backend_prod_only.js HTTP/1.1" 304 - 2 0.005 0.024
2022-10-27 09:23:57,046 18252 INFO odoo-test werkzeug: 127.0.0.1 - - [27/Oct/2022 09:23:57] "GET /web/webclient/load_menus/ebd73fd66c1f84ef83f23d0eff1c8a0f47bd15141f6d854ee168ea579328e763 HTTP/1.1" 200 - 1 0.000 0.007
2022-10-27 09:23:57,105 18252 INFO odoo-test werkzeug: 127.0.0.1 - - [27/Oct/2022 09:23:57] "GET /web/webclient/qweb/2e7b81bbe436b652dea55a392b998f3993bf113a9de59d9428e159e32f729522?mods=base,web,auth_totp,base_import,web_editor,web_kanban_gauge,web_tour HTTP/1.1" 200 - 1 0.000 0.010
2022-10-27 09:23:57,153 18252 INFO ? werkzeug: 127.0.0.1 - - [27/Oct/2022 09:23:57] "GET /web/static/src/xml/debug.xml?debug=1666862637151 HTTP/1.1" 200 - - - -
2022-10-27 09:23:57,157 18252 INFO ? werkzeug: 127.0.0.1 - - [27/Oct/2022 09:23:57] "GET /web/static/src/img/user_menu_avatar.png HTTP/1.1" 200 - - - -
2022-10-27 09:23:57,203 18252 INFO odoo-test werkzeug: 127.0.0.1 - - [27/Oct/2022 09:23:57] "POST /web/dataset/call_kw/ir.model.access/check_access_rights HTTP/1.1" 200 - 1 0.002 0.026
2022-10-27 09:23:57,206 18252 INFO odoo-test werkzeug: 127.0.0.1 - - [27/Oct/2022 09:23:57] "POST /web/dataset/call_kw/ir.ui.view/check_access_rights HTTP/1.1" 200 - 2 0.004 0.018
2022-10-27 09:23:57,207 18252 INFO odoo-test werkzeug: 127.0.0.1 - - [27/Oct/2022 09:23:57] "POST /web/dataset/call_kw/ir.rule/check_access_rights HTTP/1.1" 200 - 1 0.001 0.035
2022-10-27 09:23:57,210 18252 INFO odoo-test werkzeug: 127.0.0.1 - - [27/Oct/2022 09:23:57] "GET /web/image?model=res.users&field=image_128&id=2 HTTP/1.1" 304 - 11 0.027 0.025
2022-10-27 09:23:57,225 18252 INFO odoo-test werkzeug: 127.0.0.1 - - [27/Oct/2022 09:23:57] "POST /web/dataset/call_kw/res.users/read HTTP/1.1" 200 - 2 0.000 0.004
2022-10-27 09:23:57,350 18252 INFO odoo-test werkzeug: 127.0.0.1 - - [27/Oct/2022 09:23:57] "POST /web/action/load HTTP/1.1" 200 - 30 0.015 0.098
2022-10-27 09:23:57,485 18252 INFO odoo-test werkzeug: 127.0.0.1 - - [27/Oct/2022 09:23:57] "POST /web/dataset/call_kw/ir.module.module/load_views HTTP/1.1" 200 - 80 0.038 0.090
2022-10-27 09:23:57,553 18252 INFO odoo-test werkzeug: 127.0.0.1 - - [27/Oct/2022 09:23:57] "POST /web/dataset/call_kw/ir.module.module/search_panel_select_range HTTP/1.1" 200 - 90 0.025 0.026
2022-10-27 09:23:57,572 18252 INFO odoo-test werkzeug: 127.0.0.1 - - [27/Oct/2022 09:23:57] "POST /web/dataset/search_read HTTP/1.1" 200 - 6 0.002 0.010
2022-10-27 09:23:57,611 18252 INFO ? werkzeug: 127.0.0.1 - - [27/Oct/2022 09:23:57] "GET /sale_management/static/description/icon.png HTTP/1.1" 304 - - - -
2022-10-27 09:23:57,611 18252 INFO ? werkzeug: 127.0.0.1 - - [27/Oct/2022 09:23:57] "GET /account/static/description/icon.png HTTP/1.1" 304 - - - -
2022-10-27 09:23:57,615 18252 INFO ? werkzeug: 127.0.0.1 - - [27/Oct/2022 09:23:57] "GET /crm/static/description/icon.png HTTP/1.1" 304 - - - -
2022-10-27 09:23:57,619 18252 INFO ? werkzeug: 127.0.0.1 - - [27/Oct/2022 09:23:57] "GET /base/static/img/icons/mrp_workorder.png HTTP/1.1" 304 - - - -
2022-10-27 09:23:57,621 18252 INFO ? werkzeug: 127.0.0.1 - - [27/Oct/2022 09:23:57] "GET /website/static/description/icon.png HTTP/1.1" 304 - - - -
2022-10-27 09:23:57,623 18252 INFO ? werkzeug: 127.0.0.1 - - [27/Oct/2022 09:23:57] "GET /stock/static/description/icon.png HTTP/1.1" 304 - - - -
2022-10-27 09:23:57,625 18252 INFO ? werkzeug: 127.0.0.1 - - [27/Oct/2022 09:23:57] "GET /base/static/img/icons/account_accountant.png HTTP/1.1" 304 - - - -
2022-10-27 09:23:57,630 18252 INFO ? werkzeug: 127.0.0.1 - - [27/Oct/2022 09:23:57] "GET /purchase/static/description/icon.png HTTP/1.1" 304 - - - -
2022-10-27 09:23:57,635 18252 INFO ? werkzeug: 127.0.0.1 - - [27/Oct/2022 09:23:57] "GET /point_of_sale/static/description/icon.png HTTP/1.1" 304 - - - -
2022-10-27 09:23:57,638 18252 INFO ? werkzeug: 127.0.0.1 - - [27/Oct/2022 09:23:57] "GET /project/static/description/icon.png HTTP/1.1" 304 - - - -
2022-10-27 09:23:57,639 18252 INFO ? werkzeug: 127.0.0.1 - - [27/Oct/2022 09:23:57] "GET /website_sale/static/description/icon.png HTTP/1.1" 304 - - - -
2022-10-27 09:23:57,642 18252 INFO ? werkzeug: 127.0.0.1 - - [27/Oct/2022 09:23:57] "GET /mass_mailing/static/description/icon.png HTTP/1.1" 304 - - - -
2022-10-27 09:23:57,647 18252 INFO ? werkzeug: 127.0.0.1 - - [27/Oct/2022 09:23:57] "GET /maintenance/static/description/icon.png HTTP/1.1" 304 - - - -
2022-10-27 09:23:57,651 18252 INFO ? werkzeug: 127.0.0.1 - - [27/Oct/2022 09:23:57] "GET /hr/static/description/icon.png HTTP/1.1" 304 - - - -
2022-10-27 09:23:57,652 18252 INFO ? werkzeug: 127.0.0.1 - - [27/Oct/2022 09:23:57] "GET /base/static/img/icons/timesheet_grid.png HTTP/1.1" 304 - - - -
2022-10-27 09:23:57,655 18252 INFO ? werkzeug: 127.0.0.1 - - [27/Oct/2022 09:23:57] "GET /base/static/img/icons/quality_control.png HTTP/1.1" 304 - - - -
2022-10-27 09:23:57,656 18252 INFO ? werkzeug: 127.0.0.1 - - [27/Oct/2022 09:23:57] "GET /website_event/static/description/icon.png HTTP/1.1" 304 - - - -
2022-10-27 09:23:57,663 18252 INFO ? werkzeug: 127.0.0.1 - - [27/Oct/2022 09:23:57] "GET /mail/static/description/icon.png HTTP/1.1" 304 - - - -
2022-10-27 09:23:57,664 18252 INFO ? werkzeug: 127.0.0.1 - - [27/Oct/2022 09:23:57] "GET /mrp/static/description/icon.png HTTP/1.1" 304 - - - -
2022-10-27 09:23:57,667 18252 INFO ? werkzeug: 127.0.0.1 - - [27/Oct/2022 09:23:57] "GET /base/static/img/icons/mrp_plm.png HTTP/1.1" 304 - - - -
2022-10-27 09:23:57,671 18252 INFO ? werkzeug: 127.0.0.1 - - [27/Oct/2022 09:23:57] "GET /base/static/img/icons/marketing_automation.png HTTP/1.1" 304 - - - -
2022-10-27 09:23:57,672 18252 INFO ? werkzeug: 127.0.0.1 - - [27/Oct/2022 09:23:57] "GET /calendar/static/description/icon.png HTTP/1.1" 304 - - - -
2022-10-27 09:23:57,674 18252 INFO ? werkzeug: 127.0.0.1 - - [27/Oct/2022 09:23:57] "GET /base/static/img/icons/website_calendar.png HTTP/1.1" 304 - - - -
2022-10-27 09:23:57,676 18252 INFO ? werkzeug: 127.0.0.1 - - [27/Oct/2022 09:23:57] "GET /board/static/description/icon.png HTTP/1.1" 304 - - - -
2022-10-27 09:23:57,680 18252 INFO ? werkzeug: 127.0.0.1 - - [27/Oct/2022 09:23:57] "GET /repair/static/description/icon.png HTTP/1.1" 304 - - - -
2022-10-27 09:23:57,685 18252 INFO ? werkzeug: 127.0.0.1 - - [27/Oct/2022 09:23:57] "GET /base/static/img/icons/hr_appraisal.png HTTP/1.1" 304 - - - -
2022-10-27 09:23:57,685 18252 INFO ? werkzeug: 127.0.0.1 - - [27/Oct/2022 09:23:57] "GET /hr_expense/static/description/icon.png HTTP/1.1" 304 - - - -
2022-10-27 09:23:57,691 18252 INFO ? werkzeug: 127.0.0.1 - - [27/Oct/2022 09:23:57] "GET /base/static/img/icons/web_studio.png HTTP/1.1" 304 - - - -
2022-10-27 09:23:57,696 18252 INFO ? werkzeug: 127.0.0.1 - - [27/Oct/2022 09:23:57] "GET /contacts/static/description/icon.png HTTP/1.1" 304 - - - -
2022-10-27 09:23:57,699 18252 INFO ? werkzeug: 127.0.0.1 - - [27/Oct/2022 09:23:57] "GET /base/static/img/icons/stock_barcode.png HTTP/1.1" 304 - - - -
2022-10-27 09:23:57,701 18252 INFO ? werkzeug: 127.0.0.1 - - [27/Oct/2022 09:23:57] "GET /note/static/description/icon.png HTTP/1.1" 304 - - - -
2022-10-27 09:23:57,703 18252 INFO ? werkzeug: 127.0.0.1 - - [27/Oct/2022 09:23:57] "GET /base/static/img/icons/voip.png HTTP/1.1" 304 - - - -
2022-10-27 09:23:57,706 18252 INFO ? werkzeug: 127.0.0.1 - - [27/Oct/2022 09:23:57] "GET /lunch/static/description/icon.png HTTP/1.1" 304 - - - -
2022-10-27 09:23:57,708 18252 INFO ? werkzeug: 127.0.0.1 - - [27/Oct/2022 09:23:57] "GET /hr_recruitment/static/description/icon.png HTTP/1.1" 304 - - - -
2022-10-27 09:23:57,713 18252 INFO ? werkzeug: 127.0.0.1 - - [27/Oct/2022 09:23:57] "GET /hr_holidays/static/description/icon.png HTTP/1.1" 304 - - - -
2022-10-27 09:23:57,717 18252 INFO ? werkzeug: 127.0.0.1 - - [27/Oct/2022 09:23:57] "GET /base/static/img/icons/planning.png HTTP/1.1" 304 - - - -
2022-10-27 09:23:57,720 18252 INFO ? werkzeug: 127.0.0.1 - - [27/Oct/2022 09:23:57] "GET /payment_authorize/static/description/icon.png HTTP/1.1" 304 - - - -
2022-10-27 09:23:57,722 18252 INFO ? werkzeug: 127.0.0.1 - - [27/Oct/2022 09:23:57] "GET /payment_buckaroo/static/description/icon.png HTTP/1.1" 304 - - - -
2022-10-27 09:23:57,725 18252 INFO ? werkzeug: 127.0.0.1 - - [27/Oct/2022 09:23:57] "GET /hr_attendance/static/description/icon.png HTTP/1.1" 304 - - - -
2022-10-27 09:23:57,726 18252 INFO ? werkzeug: 127.0.0.1 - - [27/Oct/2022 09:23:57] "GET /base/static/img/icons/helpdesk.png HTTP/1.1" 304 - - - -
2022-10-27 09:23:57,735 18252 INFO ? werkzeug: 127.0.0.1 - - [27/Oct/2022 09:23:57] "GET /fleet/static/description/icon.png HTTP/1.1" 304 - - - -
2022-10-27 09:23:57,738 18252 INFO ? werkzeug: 127.0.0.1 - - [27/Oct/2022 09:23:57] "GET /mass_mailing_sms/static/description/icon.png HTTP/1.1" 304 - - - -
2022-10-27 09:23:57,739 18252 INFO ? werkzeug: 127.0.0.1 - - [27/Oct/2022 09:23:57] "GET /payment_sips/static/description/icon.png HTTP/1.1" 304 - - - -
2022-10-27 09:23:57,744 18252 INFO ? werkzeug: 127.0.0.1 - - [27/Oct/2022 09:23:57] "GET /website_slides/static/description/icon.png HTTP/1.1" 304 - - - -
2022-10-27 09:23:57,750 18252 INFO ? werkzeug: 127.0.0.1 - - [27/Oct/2022 09:23:57] "GET /hr_skills/static/description/icon.png HTTP/1.1" 304 - - - -
2022-10-27 09:23:57,757 18252 INFO ? werkzeug: 127.0.0.1 - - [27/Oct/2022 09:23:57] "GET /website_hr_recruitment/static/description/icon.png HTTP/1.1" 304 - - - -
2022-10-27 09:23:57,758 18252 INFO ? werkzeug: 127.0.0.1 - - [27/Oct/2022 09:23:57] "GET /base/static/img/icons/sign.png HTTP/1.1" 304 - - - -
2022-10-27 09:23:57,762 18252 INFO ? werkzeug: 127.0.0.1 - - [27/Oct/2022 09:23:57] "GET /base/static/img/icons/sale_ebay.png HTTP/1.1" 304 - - - -
2022-10-27 09:23:57,769 18252 INFO ? werkzeug: 127.0.0.1 - - [27/Oct/2022 09:23:57] "GET /payment_payumoney/static/description/icon.png HTTP/1.1" 304 - - - -
2022-10-27 09:23:57,773 18252 INFO ? werkzeug: 127.0.0.1 - - [27/Oct/2022 09:23:57] "GET /base/static/img/icons/sale_subscription.png HTTP/1.1" 304 - - - -
2022-10-27 09:23:57,775 18252 INFO ? werkzeug: 127.0.0.1 - - [27/Oct/2022 09:23:57] "GET /website_blog/static/description/icon.png HTTP/1.1" 304 - - - -
2022-10-27 09:23:57,783 18252 INFO ? werkzeug: 127.0.0.1 - - [27/Oct/2022 09:23:57] "GET /im_livechat/static/description/icon.png HTTP/1.1" 304 - - - -
2022-10-27 09:23:57,784 18252 INFO ? werkzeug: 127.0.0.1 - - [27/Oct/2022 09:23:57] "GET /survey/static/description/icon.png HTTP/1.1" 304 - - - -
2022-10-27 09:23:57,791 18252 INFO ? werkzeug: 127.0.0.1 - - [27/Oct/2022 09:23:57] "GET /payment_ingenico/static/description/icon.png HTTP/1.1" 304 - - - -
2022-10-27 09:23:57,792 18252 INFO ? werkzeug: 127.0.0.1 - - [27/Oct/2022 09:23:57] "GET /base/static/img/icons/web_mobile.png HTTP/1.1" 304 - - - -
2022-10-27 09:23:57,795 18252 INFO ? werkzeug: 127.0.0.1 - - [27/Oct/2022 09:23:57] "GET /payment_paypal/static/description/icon.png HTTP/1.1" 304 - - - -
2022-10-27 09:23:57,801 18252 INFO ? werkzeug: 127.0.0.1 - - [27/Oct/2022 09:23:57] "GET /payment_stripe/static/description/icon.png HTTP/1.1" 304 - - - -
2022-10-27 09:23:57,805 18252 INFO ? werkzeug: 127.0.0.1 - - [27/Oct/2022 09:23:57] "GET /website_forum/static/description/icon.png HTTP/1.1" 304 - - - -
2022-10-27 09:23:57,808 18252 INFO ? werkzeug: 127.0.0.1 - - [27/Oct/2022 09:23:57] "GET /payment_adyen/static/description/icon.png HTTP/1.1" 304 - - - -
2022-10-27 09:23:57,810 18252 INFO ? werkzeug: 127.0.0.1 - - [27/Oct/2022 09:23:57] "GET /payment_alipay/static/description/icon.png HTTP/1.1" 304 - - - -
2022-10-27 09:24:01,862 18252 INFO odoo-test werkzeug: 127.0.0.1 - - [27/Oct/2022 09:24:01] "POST /web/dataset/search_read HTTP/1.1" 200 - 9 0.006 0.014
2022-10-27 09:24:01,899 18252 INFO odoo-test werkzeug: 127.0.0.1 - - [27/Oct/2022 09:24:01] "POST /web/dataset/call_kw/ir.module.module/search_panel_select_range HTTP/1.1" 200 - 88 0.041 0.031
2022-10-27 09:24:01,965 18252 INFO ? werkzeug: 127.0.0.1 - - [27/Oct/2022 09:24:01] "GET /l10n_ar_website_sale/static/description/icon.png HTTP/1.1" 304 - - - -
2022-10-27 09:24:20,729 18252 INFO odoo-test werkzeug: 127.0.0.1 - - [27/Oct/2022 09:24:20] "GET /web?debug=1 HTTP/1.1" 200 - 57 0.020 0.093
2022-10-27 09:24:20,775 18252 INFO odoo-test werkzeug: 127.0.0.1 - - [27/Oct/2022 09:24:20] "GET /web/content/205-3cfd167/web.assets_common.js HTTP/1.1" 304 - 2 0.003 0.023
2022-10-27 09:24:20,778 18252 INFO odoo-test werkzeug: 127.0.0.1 - - [27/Oct/2022 09:24:20] "GET /web/content/206-65e9648/web.assets_backend.js HTTP/1.1" 304 - 2 0.004 0.024
2022-10-27 09:24:20,782 18252 INFO odoo-test werkzeug: 127.0.0.1 - - [27/Oct/2022 09:24:20] "GET /web/content/207-803b2ae/web.assets_backend_prod_only.js HTTP/1.1" 304 - 2 0.005 0.021
2022-10-27 09:24:20,796 18252 INFO odoo-test werkzeug: 127.0.0.1 - - [27/Oct/2022 09:24:20] "GET /web/webclient/load_menus/ebd73fd66c1f84ef83f23d0eff1c8a0f47bd15141f6d854ee168ea579328e763 HTTP/1.1" 200 - 1 0.000 0.011
2022-10-27 09:24:20,871 18252 INFO odoo-test werkzeug: 127.0.0.1 - - [27/Oct/2022 09:24:20] "GET /web/webclient/qweb/2e7b81bbe436b652dea55a392b998f3993bf113a9de59d9428e159e32f729522?mods=base,web,auth_totp,base_import,web_editor,web_kanban_gauge,web_tour HTTP/1.1" 200 - 1 0.000 0.013
2022-10-27 09:24:20,929 18252 INFO ? werkzeug: 127.0.0.1 - - [27/Oct/2022 09:24:20] "GET /web/static/src/xml/debug.xml?debug=1666862660927 HTTP/1.1" 200 - - - -
2022-10-27 09:24:20,935 18252 INFO ? werkzeug: 127.0.0.1 - - [27/Oct/2022 09:24:20] "GET /web/static/src/img/user_menu_avatar.png HTTP/1.1" 200 - - - -
2022-10-27 09:24:20,965 18252 INFO odoo-test werkzeug: 127.0.0.1 - - [27/Oct/2022 09:24:20] "POST /web/dataset/call_kw/ir.rule/check_access_rights HTTP/1.1" 200 - 1 0.001 0.018
2022-10-27 09:24:20,980 18252 INFO odoo-test werkzeug: 127.0.0.1 - - [27/Oct/2022 09:24:20] "POST /web/dataset/call_kw/ir.model.access/check_access_rights HTTP/1.1" 200 - 1 0.001 0.023
2022-10-27 09:24:20,984 18252 INFO odoo-test werkzeug: 127.0.0.1 - - [27/Oct/2022 09:24:20] "POST /web/dataset/call_kw/ir.ui.view/check_access_rights HTTP/1.1" 200 - 1 0.000 0.007
2022-10-27 09:24:20,985 18252 INFO odoo-test werkzeug: 127.0.0.1 - - [27/Oct/2022 09:24:20] "GET /web/image?model=res.users&field=image_128&id=2 HTTP/1.1" 304 - 10 0.027 0.024
2022-10-27 09:24:21,026 18252 INFO odoo-test werkzeug: 127.0.0.1 - - [27/Oct/2022 09:24:21] "POST /web/action/load HTTP/1.1" 200 - 16 0.007 0.024
2022-10-27 09:24:21,113 18252 INFO odoo-test werkzeug: 127.0.0.1 - - [27/Oct/2022 09:24:21] "POST /web/dataset/call_kw/ir.module.module/load_views HTTP/1.1" 200 - 36 0.016 0.061
2022-10-27 09:24:21,186 18252 INFO odoo-test werkzeug: 127.0.0.1 - - [27/Oct/2022 09:24:21] "POST /web/dataset/call_kw/ir.module.module/search_panel_select_range HTTP/1.1" 200 - 88 0.030 0.026
2022-10-27 09:24:21,212 18252 INFO odoo-test werkzeug: 127.0.0.1 - - [27/Oct/2022 09:24:21] "POST /web/dataset/search_read HTTP/1.1" 200 - 6 0.004 0.011
2022-10-27 09:24:21,260 18252 INFO ? werkzeug: 127.0.0.1 - - [27/Oct/2022 09:24:21] "GET /sale_management/static/description/icon.png HTTP/1.1" 304 - - - -
2022-10-27 09:24:21,264 18252 INFO ? werkzeug: 127.0.0.1 - - [27/Oct/2022 09:24:21] "GET /account/static/description/icon.png HTTP/1.1" 304 - - - -
2022-10-27 09:24:21,277 18252 INFO ? werkzeug: 127.0.0.1 - - [27/Oct/2022 09:24:21] "GET /crm/static/description/icon.png HTTP/1.1" 304 - - - -
2022-10-27 09:24:21,280 18252 INFO ? werkzeug: 127.0.0.1 - - [27/Oct/2022 09:24:21] "GET /base/static/img/icons/mrp_workorder.png HTTP/1.1" 304 - - - -
2022-10-27 09:24:21,284 18252 INFO ? werkzeug: 127.0.0.1 - - [27/Oct/2022 09:24:21] "GET /website/static/description/icon.png HTTP/1.1" 304 - - - -
2022-10-27 09:24:21,294 18252 INFO ? werkzeug: 127.0.0.1 - - [27/Oct/2022 09:24:21] "GET /stock/static/description/icon.png HTTP/1.1" 304 - - - -
2022-10-27 09:24:21,297 18252 INFO ? werkzeug: 127.0.0.1 - - [27/Oct/2022 09:24:21] "GET /base/static/img/icons/account_accountant.png HTTP/1.1" 304 - - - -
2022-10-27 09:24:21,299 18252 INFO ? werkzeug: 127.0.0.1 - - [27/Oct/2022 09:24:21] "GET /purchase/static/description/icon.png HTTP/1.1" 304 - - - -
2022-10-27 09:24:21,312 18252 INFO ? werkzeug: 127.0.0.1 - - [27/Oct/2022 09:24:21] "GET /point_of_sale/static/description/icon.png HTTP/1.1" 304 - - - -
2022-10-27 09:24:21,314 18252 INFO ? werkzeug: 127.0.0.1 - - [27/Oct/2022 09:24:21] "GET /project/static/description/icon.png HTTP/1.1" 304 - - - -
2022-10-27 09:24:21,318 18252 INFO ? werkzeug: 127.0.0.1 - - [27/Oct/2022 09:24:21] "GET /website_sale/static/description/icon.png HTTP/1.1" 304 - - - -
2022-10-27 09:24:21,323 18252 INFO ? werkzeug: 127.0.0.1 - - [27/Oct/2022 09:24:21] "GET /mrp/static/description/icon.png HTTP/1.1" 304 - - - -
2022-10-27 09:24:21,326 18252 INFO ? werkzeug: 127.0.0.1 - - [27/Oct/2022 09:24:21] "GET /mass_mailing/static/description/icon.png HTTP/1.1" 304 - - - -
2022-10-27 09:24:21,329 18252 INFO ? werkzeug: 127.0.0.1 - - [27/Oct/2022 09:24:21] "GET /base/static/img/icons/timesheet_grid.png HTTP/1.1" 304 - - - -
2022-10-27 09:24:21,332 18252 INFO ? werkzeug: 127.0.0.1 - - [27/Oct/2022 09:24:21] "GET /hr_expense/static/description/icon.png HTTP/1.1" 304 - - - -
2022-10-27 09:24:21,336 18252 INFO ? werkzeug: 127.0.0.1 - - [27/Oct/2022 09:24:21] "GET /hr_holidays/static/description/icon.png HTTP/1.1" 304 - - - -
2022-10-27 09:24:21,338 18252 INFO ? werkzeug: 127.0.0.1 - - [27/Oct/2022 09:24:21] "GET /base/static/img/icons/web_studio.png HTTP/1.1" 304 - - - -
2022-10-27 09:24:21,343 18252 INFO ? werkzeug: 127.0.0.1 - - [27/Oct/2022 09:24:21] "GET /hr_recruitment/static/description/icon.png HTTP/1.1" 304 - - - -
2022-10-27 09:24:21,345 18252 INFO ? werkzeug: 127.0.0.1 - - [27/Oct/2022 09:24:21] "GET /hr/static/description/icon.png HTTP/1.1" 304 - - - -
2022-10-27 09:24:21,349 18252 INFO ? werkzeug: 127.0.0.1 - - [27/Oct/2022 09:24:21] "GET /maintenance/static/description/icon.png HTTP/1.1" 304 - - - -
2022-10-27 09:24:21,351 18252 INFO ? werkzeug: 127.0.0.1 - - [27/Oct/2022 09:24:21] "GET /base/static/img/icons/sign.png HTTP/1.1" 304 - - - -
2022-10-27 09:24:21,354 18252 INFO ? werkzeug: 127.0.0.1 - - [27/Oct/2022 09:24:21] "GET /base/static/img/icons/helpdesk.png HTTP/1.1" 304 - - - -
2022-10-27 09:24:21,356 18252 INFO ? werkzeug: 127.0.0.1 - - [27/Oct/2022 09:24:21] "GET /base/static/img/icons/sale_subscription.png HTTP/1.1" 304 - - - -
2022-10-27 09:24:21,361 18252 INFO ? werkzeug: 127.0.0.1 - - [27/Oct/2022 09:24:21] "GET /base/static/img/icons/quality_control.png HTTP/1.1" 304 - - - -
2022-10-27 09:24:21,363 18252 INFO ? werkzeug: 127.0.0.1 - - [27/Oct/2022 09:24:21] "GET /website_slides/static/description/icon.png HTTP/1.1" 304 - - - -
2022-10-27 09:24:21,364 18252 INFO ? werkzeug: 127.0.0.1 - - [27/Oct/2022 09:24:21] "GET /base/static/img/icons/planning.png HTTP/1.1" 304 - - - -
2022-10-27 09:24:21,366 18252 INFO ? werkzeug: 127.0.0.1 - - [27/Oct/2022 09:24:21] "GET /website_event/static/description/icon.png HTTP/1.1" 304 - - - -
2022-10-27 09:24:21,369 18252 INFO ? werkzeug: 127.0.0.1 - - [27/Oct/2022 09:24:21] "GET /mail/static/description/icon.png HTTP/1.1" 304 - - - -
2022-10-27 09:24:21,373 18252 INFO ? werkzeug: 127.0.0.1 - - [27/Oct/2022 09:24:21] "GET /contacts/static/description/icon.png HTTP/1.1" 304 - - - -
2022-10-27 09:24:21,375 18252 INFO ? werkzeug: 127.0.0.1 - - [27/Oct/2022 09:24:21] "GET /base/static/img/icons/mrp_plm.png HTTP/1.1" 304 - - - -
2022-10-27 09:24:21,376 18252 INFO ? werkzeug: 127.0.0.1 - - [27/Oct/2022 09:24:21] "GET /calendar/static/description/icon.png HTTP/1.1" 304 - - - -
2022-10-27 09:24:21,379 18252 INFO ? werkzeug: 127.0.0.1 - - [27/Oct/2022 09:24:21] "GET /base/static/img/icons/hr_appraisal.png HTTP/1.1" 304 - - - -
2022-10-27 09:24:21,381 18252 INFO ? werkzeug: 127.0.0.1 - - [27/Oct/2022 09:24:21] "GET /fleet/static/description/icon.png HTTP/1.1" 304 - - - -
2022-10-27 09:24:21,383 18252 INFO ? werkzeug: 127.0.0.1 - - [27/Oct/2022 09:24:21] "GET /base/static/img/icons/marketing_automation.png HTTP/1.1" 304 - - - -
2022-10-27 09:24:21,385 18252 INFO ? werkzeug: 127.0.0.1 - - [27/Oct/2022 09:24:21] "GET /website_blog/static/description/icon.png HTTP/1.1" 304 - - - -
2022-10-27 09:24:21,388 18252 INFO ? werkzeug: 127.0.0.1 - - [27/Oct/2022 09:24:21] "GET /im_livechat/static/description/icon.png HTTP/1.1" 304 - - - -
2022-10-27 09:24:21,390 18252 INFO ? werkzeug: 127.0.0.1 - - [27/Oct/2022 09:24:21] "GET /base/static/img/icons/website_calendar.png HTTP/1.1" 304 - - - -
2022-10-27 09:24:21,391 18252 INFO ? werkzeug: 127.0.0.1 - - [27/Oct/2022 09:24:21] "GET /survey/static/description/icon.png HTTP/1.1" 304 - - - -
2022-10-27 09:24:21,393 18252 INFO ? werkzeug: 127.0.0.1 - - [27/Oct/2022 09:24:21] "GET /base/static/img/icons/web_mobile.png HTTP/1.1" 304 - - - -
2022-10-27 09:24:21,395 18252 INFO ? werkzeug: 127.0.0.1 - - [27/Oct/2022 09:24:21] "GET /board/static/description/icon.png HTTP/1.1" 304 - - - -
2022-10-27 09:24:21,397 18252 INFO ? werkzeug: 127.0.0.1 - - [27/Oct/2022 09:24:21] "GET /repair/static/description/icon.png HTTP/1.1" 304 - - - -
2022-10-27 09:24:21,399 18252 INFO ? werkzeug: 127.0.0.1 - - [27/Oct/2022 09:24:21] "GET /hr_attendance/static/description/icon.png HTTP/1.1" 304 - - - -
2022-10-27 09:24:21,400 18252 INFO ? werkzeug: 127.0.0.1 - - [27/Oct/2022 09:24:21] "GET /mass_mailing_sms/static/description/icon.png HTTP/1.1" 304 - - - -
2022-10-27 09:24:21,409 18252 INFO ? werkzeug: 127.0.0.1 - - [27/Oct/2022 09:24:21] "GET /base/static/img/icons/stock_barcode.png HTTP/1.1" 304 - - - -
2022-10-27 09:24:21,412 18252 INFO ? werkzeug: 127.0.0.1 - - [27/Oct/2022 09:24:21] "GET /note/static/description/icon.png HTTP/1.1" 304 - - - -
2022-10-27 09:24:21,421 18252 INFO ? werkzeug: 127.0.0.1 - - [27/Oct/2022 09:24:21] "GET /hr_skills/static/description/icon.png HTTP/1.1" 304 - - - -
2022-10-27 09:24:21,422 18252 INFO ? werkzeug: 127.0.0.1 - - [27/Oct/2022 09:24:21] "GET /website_forum/static/description/icon.png HTTP/1.1" 304 - - - -
2022-10-27 09:24:21,427 18252 INFO ? werkzeug: 127.0.0.1 - - [27/Oct/2022 09:24:21] "GET /base/static/img/icons/voip.png HTTP/1.1" 304 - - - -
2022-10-27 09:24:21,433 18252 INFO ? werkzeug: 127.0.0.1 - - [27/Oct/2022 09:24:21] "GET /lunch/static/description/icon.png HTTP/1.1" 304 - - - -
2022-10-27 09:24:21,436 18252 INFO ? werkzeug: 127.0.0.1 - - [27/Oct/2022 09:24:21] "GET /website_hr_recruitment/static/description/icon.png HTTP/1.1" 304 - - - -
2022-10-27 09:24:21,441 18252 INFO ? werkzeug: 127.0.0.1 - - [27/Oct/2022 09:24:21] "GET /base/static/img/icons/sale_ebay.png HTTP/1.1" 304 - - - -
2022-10-27 09:24:21,443 18252 INFO ? werkzeug: 127.0.0.1 - - [27/Oct/2022 09:24:21] "GET /payment_adyen/static/description/icon.png HTTP/1.1" 304 - - - -
2022-10-27 09:24:21,445 18252 INFO ? werkzeug: 127.0.0.1 - - [27/Oct/2022 09:24:21] "GET /payment_alipay/static/description/icon.png HTTP/1.1" 304 - - - -
2022-10-27 09:24:21,448 18252 INFO ? werkzeug: 127.0.0.1 - - [27/Oct/2022 09:24:21] "GET /payment_authorize/static/description/icon.png HTTP/1.1" 304 - - - -
2022-10-27 09:24:21,449 18252 INFO ? werkzeug: 127.0.0.1 - - [27/Oct/2022 09:24:21] "GET /payment_buckaroo/static/description/icon.png HTTP/1.1" 304 - - - -
2022-10-27 09:24:21,459 18252 INFO ? werkzeug: 127.0.0.1 - - [27/Oct/2022 09:24:21] "GET /payment_ingenico/static/description/icon.png HTTP/1.1" 304 - - - -
2022-10-27 09:24:21,464 18252 INFO ? werkzeug: 127.0.0.1 - - [27/Oct/2022 09:24:21] "GET /payment_payumoney/static/description/icon.png HTTP/1.1" 304 - - - -
2022-10-27 09:24:21,465 18252 INFO ? werkzeug: 127.0.0.1 - - [27/Oct/2022 09:24:21] "GET /payment_paypal/static/description/icon.png HTTP/1.1" 304 - - - -
2022-10-27 09:24:21,466 18252 INFO ? werkzeug: 127.0.0.1 - - [27/Oct/2022 09:24:21] "GET /payment_stripe/static/description/icon.png HTTP/1.1" 304 - - - -
2022-10-27 09:24:21,467 18252 INFO ? werkzeug: 127.0.0.1 - - [27/Oct/2022 09:24:21] "GET /payment_sips/static/description/icon.png HTTP/1.1" 304 - - - -
2022-10-27 09:24:31,177 18252 INFO odoo-test odoo.modules.registry: At least one model cache has been invalidated, signaling through the database. 
2022-10-27 09:24:31,180 18252 INFO odoo-test werkzeug: 127.0.0.1 - - [27/Oct/2022 09:24:31] "GET /web/become HTTP/1.1" 303 - 3 0.002 0.007
2022-10-27 09:24:31,634 18252 INFO odoo-test werkzeug: 127.0.0.1 - - [27/Oct/2022 09:24:31] "GET /web HTTP/1.1" 200 - 249 0.067 0.382
2022-10-27 09:24:31,672 18252 INFO odoo-test werkzeug: 127.0.0.1 - - [27/Oct/2022 09:24:31] "GET /web/content/205-3cfd167/web.assets_common.js HTTP/1.1" 304 - 2 0.002 0.019
2022-10-27 09:24:31,691 18252 INFO odoo-test werkzeug: 127.0.0.1 - - [27/Oct/2022 09:24:31] "GET /web/content/207-803b2ae/web.assets_backend_prod_only.js HTTP/1.1" 304 - 2 0.002 0.020
2022-10-27 09:24:31,692 18252 INFO odoo-test werkzeug: 127.0.0.1 - - [27/Oct/2022 09:24:31] "GET /web/content/206-65e9648/web.assets_backend.js HTTP/1.1" 304 - 2 0.003 0.035
2022-10-27 09:24:31,705 18252 INFO odoo-test werkzeug: 127.0.0.1 - - [27/Oct/2022 09:24:31] "GET /web/webclient/load_menus/3d002ceb957949e7111c1c2f68c5463c8d5eefc0fa9f3b2baf2866732a9adec1 HTTP/1.1" 200 - 1 0.001 0.009
2022-10-27 09:24:31,816 18252 INFO odoo-test werkzeug: 127.0.0.1 - - [27/Oct/2022 09:24:31] "GET /web/webclient/qweb/2e7b81bbe436b652dea55a392b998f3993bf113a9de59d9428e159e32f729522?mods=base,web,auth_totp,base_import,web_editor,web_kanban_gauge,web_tour HTTP/1.1" 200 - 1 0.000 0.047
2022-10-27 09:24:31,866 18252 INFO ? werkzeug: 127.0.0.1 - - [27/Oct/2022 09:24:31] "GET /web/static/src/xml/debug.xml?debug=1666862671863 HTTP/1.1" 200 - - - -
2022-10-27 09:24:31,874 18252 INFO ? werkzeug: 127.0.0.1 - - [27/Oct/2022 09:24:31] "GET /web/static/src/img/user_menu_avatar.png HTTP/1.1" 200 - - - -
2022-10-27 09:24:31,907 18252 INFO odoo-test werkzeug: 127.0.0.1 - - [27/Oct/2022 09:24:31] "POST /web/dataset/call_kw/ir.rule/check_access_rights HTTP/1.1" 200 - 1 0.004 0.013
2022-10-27 09:24:31,916 18252 INFO odoo-test werkzeug: 127.0.0.1 - - [27/Oct/2022 09:24:31] "POST /web/dataset/call_kw/ir.model.access/check_access_rights HTTP/1.1" 200 - 1 0.001 0.013
2022-10-27 09:24:31,920 18252 INFO odoo-test werkzeug: 127.0.0.1 - - [27/Oct/2022 09:24:31] "POST /web/dataset/call_kw/ir.ui.view/check_access_rights HTTP/1.1" 200 - 1 0.001 0.010
2022-10-27 09:24:31,926 18252 INFO odoo-test werkzeug: 127.0.0.1 - - [27/Oct/2022 09:24:31] "GET /web/image?model=res.users&field=image_128&id=1 HTTP/1.1" 200 - 4 0.006 0.048
2022-10-27 09:24:31,935 18252 INFO odoo-test werkzeug: 127.0.0.1 - - [27/Oct/2022 09:24:31] "POST /web/dataset/call_kw/res.users/read HTTP/1.1" 200 - 2 0.000 0.004
2022-10-27 09:24:31,965 18252 INFO odoo-test werkzeug: 127.0.0.1 - - [27/Oct/2022 09:24:31] "POST /web/action/load HTTP/1.1" 200 - 13 0.006 0.019
2022-10-27 09:24:32,004 18252 INFO odoo-test werkzeug: 127.0.0.1 - - [27/Oct/2022 09:24:32] "POST /web/dataset/call_kw/library.book/load_views HTTP/1.1" 200 - 13 0.008 0.023
2022-10-27 09:24:32,021 18252 INFO odoo-test werkzeug: 127.0.0.1 - - [27/Oct/2022 09:24:32] "POST /web/dataset/search_read HTTP/1.1" 200 - 2 0.001 0.003
2022-10-27 09:24:32,039 18252 INFO odoo-test werkzeug: 127.0.0.1 - - [27/Oct/2022 09:24:32] "POST /web/dataset/call_kw/res.users/has_group HTTP/1.1" 200 - 2 0.001 0.005
2022-10-27 09:24:33,833 18252 INFO odoo-test werkzeug: 127.0.0.1 - - [27/Oct/2022 09:24:33] "POST /web/dataset/call_kw/library.book/onchange HTTP/1.1" 200 - 2 0.002 0.008
